Component: ARM Compiler 5.06 update 5 (build 528) Tool: armlink [4d35e2]

==============================================================================

Section Cross References

    startup_stm32f427xx.o(STACK) refers (Special) to heapauxi.o(.text) for __use_two_region_memory
    startup_stm32f427xx.o(HEAP) refers (Special) to heapauxi.o(.text) for __use_two_region_memory
    startup_stm32f427xx.o(RESET) refers (Special) to heapauxi.o(.text) for __use_two_region_memory
    startup_stm32f427xx.o(RESET) refers to startup_stm32f427xx.o(STACK) for __initial_sp
    startup_stm32f427xx.o(RESET) refers to startup_stm32f427xx.o(.text) for Reset_Handler
    startup_stm32f427xx.o(RESET) refers to stm32f4xx_it.o(i.NMI_Handler) for NMI_Handler
    startup_stm32f427xx.o(RESET) refers to stm32f4xx_it.o(i.HardFault_Handler) for HardFault_Handler
    startup_stm32f427xx.o(RESET) refers to stm32f4xx_it.o(i.MemManage_Handler) for MemManage_Handler
    startup_stm32f427xx.o(RESET) refers to stm32f4xx_it.o(i.BusFault_Handler) for BusFault_Handler
    startup_stm32f427xx.o(RESET) refers to stm32f4xx_it.o(i.UsageFault_Handler) for UsageFault_Handler
    startup_stm32f427xx.o(RESET) refers to port.o(.emb_text) for SVC_Handler
    startup_stm32f427xx.o(RESET) refers to stm32f4xx_it.o(i.DebugMon_Handler) for DebugMon_Handler
    startup_stm32f427xx.o(RESET) refers to port.o(i.SysTick_Handler) for SysTick_Handler
    startup_stm32f427xx.o(RESET) refers to stm32f4xx_it.o(i.DMA1_Stream1_IRQHandler) for DMA1_Stream1_IRQHandler
    startup_stm32f427xx.o(RESET) refers to stm32f4xx_it.o(i.DMA1_Stream3_IRQHandler) for DMA1_Stream3_IRQHandler
    startup_stm32f427xx.o(RESET) refers to stm32f4xx_it.o(i.DMA1_Stream6_IRQHandler) for DMA1_Stream6_IRQHandler
    startup_stm32f427xx.o(RESET) refers to stm32f4xx_it.o(i.CAN1_RX0_IRQHandler) for CAN1_RX0_IRQHandler
    startup_stm32f427xx.o(RESET) refers to stm32f4xx_it.o(i.TIM1_UP_TIM10_IRQHandler) for TIM1_UP_TIM10_IRQHandler
    startup_stm32f427xx.o(RESET) refers to stm32f4xx_it.o(i.TIM3_IRQHandler) for TIM3_IRQHandler
    startup_stm32f427xx.o(RESET) refers to stm32f4xx_it.o(i.USART3_IRQHandler) for USART3_IRQHandler
    startup_stm32f427xx.o(RESET) refers to stm32f4xx_it.o(i.DMA2_Stream1_IRQHandler) for DMA2_Stream1_IRQHandler
    startup_stm32f427xx.o(RESET) refers to stm32f4xx_it.o(i.DMA2_Stream2_IRQHandler) for DMA2_Stream2_IRQHandler
    startup_stm32f427xx.o(RESET) refers to stm32f4xx_it.o(i.USART6_IRQHandler) for USART6_IRQHandler
    startup_stm32f427xx.o(RESET) refers to stm32f4xx_it.o(i.UART8_IRQHandler) for UART8_IRQHandler
    startup_stm32f427xx.o(.text) refers (Special) to heapauxi.o(.text) for __use_two_region_memory
    startup_stm32f427xx.o(.text) refers to system_stm32f4xx.o(i.SystemInit) for SystemInit
    startup_stm32f427xx.o(.text) refers to __main.o(!!!main) for __main
    startup_stm32f427xx.o(.text) refers to startup_stm32f427xx.o(HEAP) for Heap_Mem
    startup_stm32f427xx.o(.text) refers to startup_stm32f427xx.o(STACK) for Stack_Mem
    main.o(i.HAL_TIM_PeriodElapsedCallback) refers to stm32f4xx_hal.o(i.HAL_IncTick) for HAL_IncTick
    main.o(i.SystemClock_Config) refers to rt_memclr_w.o(.text) for __aeabi_memclr4
    main.o(i.SystemClock_Config) refers to stm32f4xx_hal_rcc.o(i.HAL_RCC_OscConfig) for HAL_RCC_OscConfig
    main.o(i.SystemClock_Config) refers to stm32f4xx_hal_pwr_ex.o(i.HAL_PWREx_EnableOverDrive) for HAL_PWREx_EnableOverDrive
    main.o(i.SystemClock_Config) refers to stm32f4xx_hal_rcc.o(i.HAL_RCC_ClockConfig) for HAL_RCC_ClockConfig
    main.o(i.main) refers to stm32f4xx_hal.o(i.HAL_Init) for HAL_Init
    main.o(i.main) refers to main.o(i.SystemClock_Config) for SystemClock_Config
    main.o(i.main) refers to gpio.o(i.MX_GPIO_Init) for MX_GPIO_Init
    main.o(i.main) refers to dma.o(i.MX_DMA_Init) for MX_DMA_Init
    main.o(i.main) refers to can.o(i.MX_CAN1_Init) for MX_CAN1_Init
    main.o(i.main) refers to usart.o(i.MX_USART6_UART_Init) for MX_USART6_UART_Init
    main.o(i.main) refers to usart.o(i.MX_USART1_UART_Init) for MX_USART1_UART_Init
    main.o(i.main) refers to usart.o(i.MX_USART3_UART_Init) for MX_USART3_UART_Init
    main.o(i.main) refers to tim.o(i.MX_TIM12_Init) for MX_TIM12_Init
    main.o(i.main) refers to tim.o(i.MX_TIM5_Init) for MX_TIM5_Init
    main.o(i.main) refers to spi.o(i.MX_SPI5_Init) for MX_SPI5_Init
    main.o(i.main) refers to usart.o(i.MX_UART8_Init) for MX_UART8_Init
    main.o(i.main) refers to tim.o(i.MX_TIM3_Init) for MX_TIM3_Init
    main.o(i.main) refers to tim.o(i.MX_TIM8_Init) for MX_TIM8_Init
    main.o(i.main) refers to bsp_uart.o(i.UART_Start) for UART_Start
    main.o(i.main) refers to stm32f4xx_hal_tim.o(i.HAL_TIM_PWM_Start) for HAL_TIM_PWM_Start
    main.o(i.main) refers to bsp_friction.o(i.Friction_OFF) for Friction_OFF
    main.o(i.main) refers to stm32f4xx_hal_can.o(i.HAL_CAN_Start) for HAL_CAN_Start
    main.o(i.main) refers to bsp_can.o(i.CAN1_Filter_Init) for CAN1_Filter_Init
[...]
    __hardfp_sqrt                            0x0800a091   Thumb Code   122  sqrt_full.o(i.__hardfp_sqrt)
    __ieee754_rem_pio2                       0x0800a111   Thumb Code   938  rred.o(i.__ieee754_rem_pio2)
    __kernel_cos                             0x0800a549   Thumb Code   322  cos_i.o(i.__kernel_cos)
    __kernel_poly                            0x0800a6b9   Thumb Code   248  poly.o(i.__kernel_poly)
    __kernel_sin                             0x0800a7b1   Thumb Code   280  sin_i.o(i.__kernel_sin)
    __mathlib_dbl_infnan                     0x0800a8e1   Thumb Code    20  dunder.o(i.__mathlib_dbl_infnan)
    __mathlib_dbl_infnan2                    0x0800a8f5   Thumb Code    20  dunder.o(i.__mathlib_dbl_infnan2)
    __mathlib_dbl_invalid                    0x0800a909   Thumb Code    24  dunder.o(i.__mathlib_dbl_invalid)
    __mathlib_dbl_underflow                  0x0800a929   Thumb Code    24  dunder.o(i.__mathlib_dbl_underflow)
    __mathlib_flt_divzero                    0x0800a949   Thumb Code    14  funder.o(i.__mathlib_flt_divzero)
    __mathlib_flt_infnan2                    0x0800a95d   Thumb Code     6  funder.o(i.__mathlib_flt_infnan2)
    __mathlib_flt_invalid                    0x0800a965   Thumb Code    10  funder.o(i.__mathlib_flt_invalid)
    __mathlib_flt_overflow                   0x0800a975   Thumb Code    10  funder.o(i.__mathlib_flt_overflow)
    __mathlib_flt_underflow                  0x0800a985   Thumb Code    10  funder.o(i.__mathlib_flt_underflow)
    atan                                     0x0800a995   Thumb Code    16  atan.o(i.atan)
    fabs                                     0x0800a9a5   Thumb Code    24  fabs.o(i.fabs)
    imu_ahrs_update                          0x0800a9bd   Thumb Code  1138  bsp_imu.o(i.imu_ahrs_update)
    imu_attitude_update                      0x0800ae31   Thumb Code   396  bsp_imu.o(i.imu_attitude_update)
    init_quaternion                          0x0800afed   Thumb Code   360  bsp_imu.o(i.init_quaternion)
    inv_sqrt                                 0x0800b1b9   Thumb Code    40  bsp_imu.o(i.inv_sqrt)
    ist8310_get_data                         0x0800b1e5   Thumb Code    10  bsp_imu.o(i.ist8310_get_data)
    ist8310_init                             0x0800b1ef   Thumb Code   254  bsp_imu.o(i.ist8310_init)
    kalman_fiflter_set                       0x0800b369   Thumb Code   168  kalmanfilter.o(i.kalman_fiflter_set)
    kalman_filter_calc                       0x0800b425   Thumb Code   362  kalmanfilter.o(i.kalman_filter_calc)
    kalman_filter_init                       0x0800b595   Thumb Code   226  kalmanfilter.o(i.kalman_filter_init)
    main                                     0x0800b679   Thumb Code   182  main.o(i.main)
    mpu_device_init                          0x0800b755   Thumb Code    94  bsp_imu.o(i.mpu_device_init)
    mpu_get_data                             0x0800b7bd   Thumb Code   246  bsp_imu.o(i.mpu_get_data)
    mpu_offset_call                          0x0800b959   Thumb Code   490  bsp_imu.o(i.mpu_offset_call)
    mpu_read_byte                            0x0800bb6d   Thumb Code    68  bsp_imu.o(i.mpu_read_byte)
    mpu_read_bytes                           0x0800bbbd   Thumb Code    80  bsp_imu.o(i.mpu_read_bytes)
    mpu_set_accel_fsr                        0x0800bc19   Thumb Code    10  bsp_imu.o(i.mpu_set_accel_fsr)
    mpu_set_gyro_fsr                         0x0800bc23   Thumb Code    10  bsp_imu.o(i.mpu_set_gyro_fsr)
    mpu_write_byte                           0x0800bc2d   Thumb Code    72  bsp_imu.o(i.mpu_write_byte)
    osDelay                                  0x0800bc81   Thumb Code    16  cmsis_os.o(i.osDelay)
    osDelayUntil                             0x0800bc91   Thumb Code    16  cmsis_os.o(i.osDelayUntil)
    osKernelStart                            0x0800bca1   Thumb Code    10  cmsis_os.o(i.osKernelStart)
    osThreadCreate                           0x0800bcab   Thumb Code    92  cmsis_os.o(i.osThreadCreate)
    pvPortMalloc                             0x0800c091   Thumb Code   224  heap_4.o(i.pvPortMalloc)
    pxPortInitialiseStack                    0x0800c179   Thumb Code    38  port.o(i.pxPortInitialiseStack)
    sqrt                                     0x0800c1a5   Thumb Code   110  sqrt_full.o(i.sqrt)
    uxListRemove                             0x0800c213   Thumb Code    38  list.o(i.uxListRemove)
    vApplicationGetIdleTaskMemory            0x0800c239   Thumb Code    16  freertos.o(i.vApplicationGetIdleTaskMemory)
    vListInitialise                          0x0800c24d   Thumb Code    22  list.o(i.vListInitialise)
    vListInitialiseItem                      0x0800c263   Thumb Code     6  list.o(i.vListInitialiseItem)
    vListInsert                              0x0800c269   Thumb Code    54  list.o(i.vListInsert)
    vListInsertEnd                           0x0800c29f   Thumb Code    24  list.o(i.vListInsertEnd)
    vPortEnterCritical                       0x0800c2b9   Thumb Code    54  port.o(i.vPortEnterCritical)
    vPortExitCritical                        0x0800c2f9   Thumb Code    38  port.o(i.vPortExitCritical)
    vPortFree                                0x0800c325   Thumb Code    94  heap_4.o(i.vPortFree)
    vPortSetupTimerInterrupt                 0x0800c389   Thumb Code    32  port.o(i.vPortSetupTimerInterrupt)
    vTaskDelay                               0x0800c3ad   Thumb Code    70  tasks.o(i.vTaskDelay)
    vTaskDelayUntil                          0x0800c3fd   Thumb Code   146  tasks.o(i.vTaskDelayUntil)
    vTaskDelete                              0x0800c499   Thumb Code   160  tasks.o(i.vTaskDelete)
    vTaskStartScheduler                      0x0800c549   Thumb Code   120  tasks.o(i.vTaskStartScheduler)
    vTaskSuspendAll                          0x0800c5d1   Thumb Code    10  tasks.o(i.vTaskSuspendAll)
    vTaskSwitchContext                       0x0800c5e1   Thumb Code    86  tasks.o(i.vTaskSwitchContext)
    xPortStartScheduler                      0x0800c641   Thumb Code   232  port.o(i.xPortStartScheduler)
    xTaskCreate                              0x0800c745   Thumb Code   108  tasks.o(i.xTaskCreate)
    xTaskCreateStatic                        0x0800c7b1   Thumb Code    96  tasks.o(i.xTaskCreateStatic)
    xTaskGetTickCount                        0x0800c811   Thumb Code     6  tasks.o(i.xTaskGetTickCount)
    xTaskIncrementTick                       0x0800c81d   Thumb Code   202  tasks.o(i.xTaskIncrementTick)
    xTaskResumeAll                           0x0800c8f1   Thumb Code   190  tasks.o(i.xTaskResumeAll)
    __aeabi_dneg                             0x0800c9bd   Thumb Code     0  basic.o(x$fpl$basic)
    _dneg                                    0x0800c9bd   Thumb Code     6  basic.o(x$fpl$basic)
    __aeabi_fneg                             0x0800c9c3   Thumb Code     0  basic.o(x$fpl$basic)
    _fneg                                    0x0800c9c3   Thumb Code     6  basic.o(x$fpl$basic)
    _dabs                                    0x0800c9c9   Thumb Code     6  basic.o(x$fpl$basic)
    _fabs                                    0x0800c9cf   Thumb Code     6  basic.o(x$fpl$basic)
    __aeabi_d2f                              0x0800c9d5   Thumb Code     0  d2f_clz.o(x$fpl$d2f)
    _d2f                                     0x0800c9d5   Thumb Code   700  d2f_clz.o(x$fpl$d2f)
    __aeabi_dadd                             0x0800cc99   Thumb Code     0  daddsub_clz.o(x$fpl$dadd)
    _dadd                                    0x0800cc99   Thumb Code   580  daddsub_clz.o(x$fpl$dadd)
    __fpl_dcmp_Inf                           0x0800cee5   Thumb Code    24  dcmpi.o(x$fpl$dcmpinf)
    __aeabi_ddiv                             0x0800cefd   Thumb Code     0  ddiv_clz.o(x$fpl$ddiv)
    _ddiv                                    0x0800cefd   Thumb Code   748  ddiv_clz.o(x$fpl$ddiv)
    __aeabi_d2iz                             0x0800d279   Thumb Code     0  dfix.o(x$fpl$dfix)
    _dfix                                    0x0800d279   Thumb Code   192  dfix.o(x$fpl$dfix)
    __aeabi_d2uiz                            0x0800d341   Thumb Code     0  dfixu.o(x$fpl$dfixu)
    _dfixu                                   0x0800d341   Thumb Code   212  dfixu.o(x$fpl$dfixu)
    __aeabi_i2d                              0x0800d41d   Thumb Code     0  dflt_clz.o(x$fpl$dflt)
    _dflt                                    0x0800d41d   Thumb Code    46  dflt_clz.o(x$fpl$dflt)
    __dflt_normalise                         0x0800d44b   Thumb Code    26  dflt_clz.o(x$fpl$dfltn)
    __aeabi_ui2d                             0x0800d465   Thumb Code     0  dflt_clz.o(x$fpl$dfltu)
    _dfltu                                   0x0800d465   Thumb Code    38  dflt_clz.o(x$fpl$dfltu)
    __aeabi_cdcmple                          0x0800d48d   Thumb Code     0  dleqf.o(x$fpl$dleqf)
    _dcmple                                  0x0800d48d   Thumb Code   120  dleqf.o(x$fpl$dleqf)
    __fpl_dcmple_InfNaN                      0x0800d4e5   Thumb Code     0  dleqf.o(x$fpl$dleqf)
    __aeabi_dmul                             0x0800d505   Thumb Code     0  dmul_clz.o(x$fpl$dmul)
    _dmul                                    0x0800d505   Thumb Code   440  dmul_clz.o(x$fpl$dmul)
    __fpl_dnaninf                            0x0800d6c5   Thumb Code   258  dnaninf.o(x$fpl$dnaninf)
    __fpl_drenorm2                           0x0800d7c7   Thumb Code   106  drenorm_clz.o(x$fpl$drenorm)
    __fpl_drenorm1                           0x0800d831   Thumb Code     6  drenorm_clz.o(x$fpl$drenorm)
    __fpl_dretinf                            0x0800d837   Thumb Code    12  dretinf.o(x$fpl$dretinf)
    __aeabi_cdrcmple                         0x0800d843   Thumb Code     0  drleqf.o(x$fpl$drleqf)
    _drcmple                                 0x0800d843   Thumb Code    98  drleqf.o(x$fpl$drleqf)
    __aeabi_drsub                            0x0800d8a5   Thumb Code     0  daddsub_clz.o(x$fpl$drsb)
    _drsb                                    0x0800d8a5   Thumb Code    74  daddsub_clz.o(x$fpl$drsb)
    _dsqrt                                   0x0800d8f5   Thumb Code   520  dsqrt_umaalclz.o(x$fpl$dsqrt)
    __aeabi_dsub                             0x0800dafd   Thumb Code     0  daddsub_clz.o(x$fpl$dsub)
    _dsub                                    0x0800dafd   Thumb Code   664  daddsub_clz.o(x$fpl$dsub)
    __dunder                                 0x0800dd99   Thumb Code   314  dunder_clz.o(x$fpl$dunder)
    __dunder_d                               0x0800ded3   Thumb Code    64  dunder_clz.o(x$fpl$dunder)
    __fpl_exception                          0x0800df15   Thumb Code   454  except.o(x$fpl$exception)
    __aeabi_f2d                              0x0800e101   Thumb Code     0  f2d.o(x$fpl$f2d)
    _f2d                                     0x0800e101   Thumb Code   122  f2d.o(x$fpl$f2d)
    __fpl_fnaninf                            0x0800e17b   Thumb Code   242  fnaninf.o(x$fpl$fnaninf)
    _fp_init                                 0x0800e26d   Thumb Code    10  fpinit.o(x$fpl$fpinit)
    __fplib_config_fpu_vfp                   0x0800e275   Thumb Code     0  fpinit.o(x$fpl$fpinit)
    __fplib_config_pureend_doubles           0x0800e275   Thumb Code     0  fpinit.o(x$fpl$fpinit)
    __fpl_fretinf                            0x0800e277   Thumb Code    10  fretinf.o(x$fpl$fretinf)
    __funder                                 0x0800e281   Thumb Code   254  funder_clz.o(x$fpl$funder)
    __funder_d                               0x0800e37f   Thumb Code    62  funder_clz.o(x$fpl$funder)
    __ieee_status                            0x0800e3bd   Thumb Code    28  istatus.o(x$fpl$ieeestatus)
    __fpl_return_NaN                         0x0800e3dd   Thumb Code   178  retnan.o(x$fpl$retnan)
    _fp_trapveneer                           0x0800e48f   Thumb Code    36  trapv.o(x$fpl$trapveneer)
    __fpl_cmpreturn                          0x0800e4b3   Thumb Code    90  trapv.o(x$fpl$trapveneer)
    __I$use$fp                               0x0800e50c   Number         0  usenofp.o(x$fpl$usenofp)
    CRC8_TAB                                 0x0800e544   Data         256  crc.o(.constdata)
    wCRC_Table                               0x0800e644   Data         512  crc.o(.constdata)
    Frequency_Standard                       0x0800e940   Data          20  detect_task.o(.constdata)
    AHBPrescTable                            0x0800e9a4   Data          16  system_stm32f4xx.o(.constdata)
    APBPrescTable                            0x0800e9b4   Data           8  system_stm32f4xx.o(.constdata)
    __mathlib_zero                           0x0800ec18   Data           8  qnan.o(.constdata)
    Region$$Table$$Base                      0x0800ed74   Number         0  anon$$obj.o(Region$$Table)
    Region$$Table$$Limit                     0x0800ed94   Number         0  anon$$obj.o(Region$$Table)
    defaultTaskHandle                        0x20000000   Data           4  freertos.o(.data)
    Start_TaskHandle                         0x20000004   Data           4  freertos.o(.data)
    uartcount                                0x20000008   Data           4  bsp_uart.o(.data)
    CRC_INIT                                 0x2000000c   Data           2  crc.o(.data)
    pause                                    0x20000010   Data           4  bsp_friction.o(.data)
    pause1                                   0x20000014   Data           4  bsp_friction.o(.data)
    id                                       0x2000001a   Data           1  bsp_imu.o(.data)
    flashmark                                0x2000001c   Data           2  bsp_imu.o(.data)
    q0                                       0x20000020   Data           4  bsp_imu.o(.data)
    q1                                       0x20000024   Data           4  bsp_imu.o(.data)
    q2                                       0x20000028   Data           4  bsp_imu.o(.data)
    q3                                       0x2000002c   Data           4  bsp_imu.o(.data)
    exInt                                    0x20000030   Data           4  bsp_imu.o(.data)
    eyInt                                    0x20000034   Data           4  bsp_imu.o(.data)
    ezInt                                    0x20000038   Data           4  bsp_imu.o(.data)
    last_update                              0x20000060   Data           4  bsp_imu.o(.data)
    now_update                               0x20000064   Data           4  bsp_imu.o(.data)
    ist_buff                                 0x20000068   Data           6  bsp_imu.o(.data)
    Gravity_Moment                           0x2000007c   Data           2  gimbal_task.o(.data)
    pitc                                     0x2000007e   Data           2  gimbal_task.o(.data)
    yawc                                     0x20000080   Data           2  gimbal_task.o(.data)
    reversal_time_count                      0x20000082   Data           2  gimbal_task.o(.data)
    Detect_TaskHandle                        0x20000084   Data           4  start_task.o(.data)
    Chassis_TaskHandle                       0x20000088   Data           4  start_task.o(.data)
    Gimbal_TaskHandle                        0x2000008c   Data           4  start_task.o(.data)
    Remote_TaskHandle                        0x20000090   Data           4  start_task.o(.data)
    User_TaskHandle                          0x20000094   Data           4  start_task.o(.data)
    Cap_TaskHandle                           0x20000098   Data           4  start_task.o(.data)
    RefereeCount                             0x2000009c   Data           2  detect_task.o(.data)
    Frequency                                0x2000009e   Data          20  detect_task.o(.data)
    Yaw_Position_Move                        0x200000b2   Data           2  chassis_task.o(.data)
    P_deal                                   0x200000bc   Data           4  referee.o(.data)
    V_deal                                   0x200000c0   Data           4  referee.o(.data)
    mark_count                               0x200000c4   Data           6  user_task.o(.data)
    power                                    0x200000ca   Data           2  cap_task.o(.data)
    uwTickFreq                               0x200000cc   Data           1  stm32f4xx_hal.o(.data)
    uwTickPrio                               0x200000d0   Data           4  stm32f4xx_hal.o(.data)
    uwTick                                   0x200000d4   Data           4  stm32f4xx_hal.o(.data)
    SystemCoreClock                          0x200000d8   Data           4  system_stm32f4xx.o(.data)
    pxCurrentTCB                             0x200000dc   Data           4  tasks.o(.data)
    hcan1                                    0x20000398   Data          40  can.o(.bss)
    hspi5                                    0x200003c0   Data          88  spi.o(.bss)
    htim3                                    0x20000418   Data          72  tim.o(.bss)
    htim5                                    0x20000460   Data          72  tim.o(.bss)
    htim8                                    0x200004a8   Data          72  tim.o(.bss)
    htim12                                   0x200004f0   Data          72  tim.o(.bss)
    huart8                                   0x20000538   Data          68  usart.o(.bss)
    huart1                                   0x2000057c   Data          68  usart.o(.bss)
    huart3                                   0x200005c0   Data          68  usart.o(.bss)
    huart6                                   0x20000604   Data          68  usart.o(.bss)
    hdma_uart8_rx                            0x20000648   Data          96  usart.o(.bss)
    hdma_usart1_rx                           0x200006a8   Data          96  usart.o(.bss)
    hdma_usart3_rx                           0x20000708   Data          96  usart.o(.bss)
    hdma_usart3_tx                           0x20000768   Data          96  usart.o(.bss)
    hdma_usart6_rx                           0x200007c8   Data          96  usart.o(.bss)
    htim1                                    0x20000828   Data          72  stm32f4xx_hal_timebase_tim.o(.bss)
    RC_Ctl                                   0x20000870   Data          22  bsp_uart.o(.bss)
    Key                                      0x20000886   Data          64  bsp_uart.o(.bss)
    Sbus_Receive_Data                        0x200008c6   Data          18  bsp_uart.o(.bss)
    imu                                      0x200008d8   Data          52  bsp_imu.o(.bss)
    mpu_buff                                 0x2000090c   Data          14  bsp_imu.o(.bss)
    mpu_data                                 0x2000091a   Data          32  bsp_imu.o(.bss)
    Imuex_Receive_Data                       0x2000093c   Data          40  bsp_imuex.o(.bss)
    timu                                     0x20000964   Data          16  bsp_imuex.o(.bss)
    Imuwt                                    0x20000974   Data          24  bsp_imuex.o(.bss)
    Imuex                                    0x2000098c   Data          24  bsp_imuex.o(.bss)
    TX1_Receive_Data                         0x200009a4   Data          30  bsp_tx1.o(.bss)
    TX1_Transmit_Data                        0x200009c2   Data          22  bsp_tx1.o(.bss)
    TX1_Data                                 0x200009d8   Data          18  bsp_tx1.o(.bss)
    KF                                       0x200009ec   Data         224  kalmanfilter.o(.bss)
    KF_Init                                  0x20000acc   Data         644  kalmanfilter.o(.bss)
    GM6020                                   0x20000d50   Data          56  gimbal_task.o(.bss)
    GM2006                                   0x20000d88   Data          28  gimbal_task.o(.bss)
    Kalman                                   0x20000da4   Data          72  gimbal_task.o(.bss)
    Shooting                                 0x20000dec   Data          14  gimbal_task.o(.bss)
    motor_pos                                0x20000dfa   Data         160  gimbal_task.o(.bss)
    M3508                                    0x20000e9c   Data         112  chassis_task.o(.bss)
    M3508_Ramp                               0x20000f0c   Data          28  chassis_task.o(.bss)
    SpinTop                                  0x20000f28   Data          32  chassis_task.o(.bss)
    Chassis                                  0x20000f48   Data          28  chassis_task.o(.bss)
    Command                                  0x20000f64   Data          32  remote_task.o(.bss)
    InfantryJudge                            0x20000f84   Data          72  referee.o(.bss)
    JudgeCheckBuffer                         0x20000fcc   Data          80  referee.o(.bss)
    JudgeDataBuffer                          0x2000101c   Data          80  referee.o(.bss)
    JudgeSendBuff                            0x2000106c   Data         150  referee.o(.bss)
    M3508_Speed_pid                          0x20001104   Data         256  pid.o(.bss)
    Gimbal_Speed_pid                         0x20001204   Data         192  pid.o(.bss)
    Gimbal_Position_pid                      0x200012c4   Data         192  pid.o(.bss)
    Spin_Top_pid                             0x20001384   Data          64  pid.o(.bss)
    Gimbal_TCurrent_pid                      0x200013ec   Data         192  pid.o(.bss)
    Chassis_Rotate_pid                       0x200014ac   Data          64  pid.o(.bss)
    Power_Limit_pid                          0x200014ec   Data          64  pid.o(.bss)
    Pitch_Stable_pid                         0x2000152c   Data          64  pid.o(.bss)
    PowerLimit                               0x2000156c   Data          40  powerlimit.o(.bss)
    PowerData                                0x20001594   Data          16  can_receive.o(.bss)
    User                                     0x200015d8   Data          52  user_task.o(.bss)
    Referee_Send                             0x2000160c   Data          16  user_task.o(.bss)
    G                                        0x2000161c   Data         225  user_task.o(.bss)
    dynamic_charcpxt                         0x200016fd   Data           9  user_task.o(.bss)
    static_charcpxt                          0x20001706   Data          24  user_task.o(.bss)
    Static_Data                              0x2000171e   Data          15  user_task.o(.bss)
    Dynamic_Data                             0x2000172d   Data          15  user_task.o(.bss)
    Gimbal_adrc                              0x2000173c   Data         272  adrc.o(.bss)
    Gimbal_Position_Kalman                   0x2000184c   Data         104  filter.o(.bss)
    Gimbal_Speed_Kalman                      0x200018b4   Data         104  filter.o(.bss)
    pFlash                                   0x2000191c   Data          32  stm32f4xx_hal_flash.o(.bss)
    __libspace_start                         0x2000562c   Data          96  libspace.o(.bss)
    __temporary_stack_top$libspace           0x2000568c   Data           0  libspace.o(.bss)



==============================================================================

Memory Map of the image

  Image Entry point : 0x080001ad

  Load Region LR_IROM1 (Base: 0x08000000, Size: 0x0000eed8, Max: 0x00200000, ABSOLUTE, COMPRESSED[0x0000edc8])

    Execution Region ER_IROM1 (Exec base: 0x08000000, Load base: 0x08000000, Size: 0x0000ed94, Max: 0x00200000, ABSOLUTE)

    Exec Addr    Load Addr    Size         Type   Attr      Idx    E Section Name        Object

    0x08000000   0x08000000   0x000001ac   Data   RO            3    RESET               startup_stm32f427xx.o
    0x080001ac   0x080001ac   0x00000008   Code   RO         7000  * !!!main             c_w.l(__main.o)
    0x080001b4   0x080001b4   0x00000034   Code   RO         7388    !!!scatter          c_w.l(__scatter.o)
    0x080001e8   0x080001e8   0x0000005a   Code   RO         7386    !!dczerorl2         c_w.l(__dczerorl2.o)
    0x08000242   0x08000242   0x00000002   PAD
    0x08000244   0x08000244   0x0000001c   Code   RO         7390    !!handler_zi        c_w.l(__scatter_zi.o)
    0x08000260   0x08000260   0x00000002   Code   RO         7259    .ARM.Collect$$libinit$$00000000  c_w.l(libinit.o)
    0x08000262   0x08000262   0x00000004   Code   RO         7268    .ARM.Collect$$libinit$$00000001  c_w.l(libinit2.o)
    0x08000266   0x08000266   0x00000000   Code   RO         7271    .ARM.Collect$$libinit$$00000004  c_w.l(libinit2.o)
    0x08000266   0x08000266   0x00000000   Code   RO         7274    .ARM.Collect$$libinit$$0000000A  c_w.l(libinit2.o)
    0x08000266   0x08000266   0x00000000   Code   RO         7276    .ARM.Collect$$libinit$$0000000C  c_w.l(libinit2.o)
    0x08000266   0x08000266   0x00000000   Code   RO         7278    .ARM.Collect$$libinit$$0000000E  c_w.l(libinit2.o)
    0x08000266   0x08000266   0x00000000   Code   RO         7281    .ARM.Collect$$libinit$$00000011  c_w.l(libinit2.o)
    0x08000266   0x08000266   0x00000000   Code   RO         7283    .ARM.Collect$$libinit$$00000013  c_w.l(libinit2.o)
    0x08000266   0x08000266   0x00000000   Code   RO         7285    .ARM.Collect$$libinit$$00000015  c_w.l(libinit2.o)
    0x08000266   0x08000266   0x00000000   Code   RO         7287    .ARM.Collect$$libinit$$00000017  c_w.l(libinit2.o)
    0x08000266   0x08000266   0x00000000   Code   RO         7289    .ARM.Collect$$libinit$$00000019  c_w.l(libinit2.o)
    0x08000266   0x08000266   0x00000000   Code   RO         7291    .ARM.Collect$$libinit$$0000001B  c_w.l(libinit2.o)
    0x08000266   0x08000266   0x00000000   Code   RO         7293    .ARM.Collect$$libinit$$0000001D  c_w.l(libinit2.o)
    0x08000266   0x08000266   0x00000000   Code   RO         7295    .ARM.Collect$$libinit$$0000001F  c_w.l(libinit2.o)
    0x08000266   0x08000266   0x00000000   Code   RO         7297    .ARM.Collect$$libinit$$00000021  c_w.l(libinit2.o)
    0x08000266   0x08000266   0x00000000   Code   RO         7299    .ARM.Collect$$libinit$$00000023  c_w.l(libinit2.o)
    0x08000266   0x08000266   0x00000000   Code   RO         7301    .ARM.Collect$$libinit$$00000025  c_w.l(libinit2.o)
    0x08000266   0x08000266   0x00000000   Code   RO         7305    .ARM.Collect$$libinit$$0000002C  c_w.l(libinit2.o)
    0x08000266   0x08000266   0x00000000   Code   RO         7307    .ARM.Collect$$libinit$$0000002E  c_w.l(libinit2.o)
    0x08000266   0x08000266   0x00000000   Code   RO         7309    .ARM.Collect$$libinit$$00000030  c_w.l(libinit2.o)
    0x08000266   0x08000266   0x00000000   Code   RO         7311    .ARM.Collect$$libinit$$00000032  c_w.l(libinit2.o)
    0x08000266   0x08000266   0x00000002   Code   RO         7312    .ARM.Collect$$libinit$$00000033  c_w.l(libinit2.o)
    0x08000268   0x08000268   0x00000002   Code   RO         7343    .ARM.Collect$$libshutdown$$00000000  c_w.l(libshutdown.o)
    0x0800026a   0x0800026a   0x00000000   Code   RO         7369    .ARM.Collect$$libshutdown$$00000002  c_w.l(libshutdown2.o)
    0x0800026a   0x0800026a   0x00000000   Code   RO         7371    .ARM.Collect$$libshutdown$$00000004  c_w.l(libshutdown2.o)
    0x0800026a   0x0800026a   0x00000000   Code   RO         7374    .ARM.Collect$$libshutdown$$00000007  c_w.l(libshutdown2.o)
    0x0800026a   0x0800026a   0x00000000   Code   RO         7377    .ARM.Collect$$libshutdown$$0000000A  c_w.l(libshutdown2.o)
    0x0800026a   0x0800026a   0x00000000   Code   RO         7379    .ARM.Collect$$libshutdown$$0000000C  c_w.l(libshutdown2.o)
    0x0800026a   0x0800026a   0x00000000   Code   RO         7382    .ARM.Collect$$libshutdown$$0000000F  c_w.l(libshutdown2.o)
    0x0800026a   0x0800026a   0x00000002   Code   RO         7383    .ARM.Collect$$libshutdown$$00000010  c_w.l(libshutdown2.o)
    0x0800026c   0x0800026c   0x00000000   Code   RO         7118    .ARM.Collect$$rtentry$$00000000  c_w.l(__rtentry.o)
    0x0800026c   0x0800026c   0x00000000   Code   RO         7218    .ARM.Collect$$rtentry$$00000002  c_w.l(__rtentry2.o)
    0x0800026c   0x0800026c   0x00000006   Code   RO         7230    .ARM.Collect$$rtentry$$00000004  c_w.l(__rtentry4.o)
    0x08000272   0x08000272   0x00000000   Code   RO         7220    .ARM.Collect$$rtentry$$00000009  c_w.l(__rtentry2.o)
    0x08000272   0x08000272   0x00000004   Code   RO         7221    .ARM.Collect$$rtentry$$0000000A  c_w.l(__rtentry2.o)
    0x08000276   0x08000276   0x00000000   Code   RO         7223    .ARM.Collect$$rtentry$$0000000C  c_w.l(__rtentry2.o)
    0x08000276   0x08000276   0x00000008   Code   RO         7224    .ARM.Collect$$rtentry$$0000000D  c_w.l(__rtentry2.o)
    0x0800027e   0x0800027e   0x00000002   Code   RO         7260    .ARM.Collect$$rtexit$$00000000  c_w.l(rtexit.o)
    0x08000280   0x08000280   0x00000000   Code   RO         7316    .ARM.Collect$$rtexit$$00000002  c_w.l(rtexit2.o)
    0x08000280   0x08000280   0x00000004   Code   RO         7317    .ARM.Collect$$rtexit$$00000003  c_w.l(rtexit2.o)
    0x08000284   0x08000284   0x00000006   Code   RO         7318    .ARM.Collect$$rtexit$$00000004  c_w.l(rtexit2.o)
    0x0800028a   0x0800028a   0x00000002   PAD
    0x0800028c   0x0800028c   0x000000be   Code   RO         6738    .emb_text           port.o
    0x0800034a   0x0800034a   0x00000002   PAD
    0x0800034c   0x0800034c   0x00000040   Code   RO            4    .text               startup_stm32f427xx.o
    0x0800038c   0x0800038c   0x00000108   Code   RO         6818    .text               arm_cortexM4lf_math.lib(arm_mat_add_f32.o)
    0x08000494   0x08000494   0x00000008   Code   RO         6867    .text               arm_cortexM4lf_math.lib(arm_mat_init_f32.o)
    0x0800049c   0x0800049c   0x00000530   Code   RO         6891    .text               arm_cortexM4lf_math.lib(arm_mat_inverse_f32.o)
    0x080009cc   0x080009cc   0x0000013c   Code   RO         6915    .text               arm_cortexM4lf_math.lib(arm_mat_mult_f32.o)
    0x08000b08   0x08000b08   0x00000108   Code   RO         6939    .text               arm_cortexM4lf_math.lib(arm_mat_sub_f32.o)
    0x08000c10   0x08000c10   0x00000114   Code   RO         6963    .text               arm_cortexM4lf_math.lib(arm_mat_trans_f32.o)
    0x08000d24   0x08000d24   0x000000ee   Code   RO         6986    .text               c_w.l(lludivv7m.o)
    0x08000e12   0x08000e12   0x0000003e   Code   RO         6988    .text               c_w.l(strlen.o)
    0x08000e50   0x08000e50   0x0000008a   Code   RO         6990    .text               c_w.l(rt_memcpy_v6.o)
    0x08000eda   0x08000eda   0x00000064   Code   RO         6992    .text               c_w.l(rt_memcpy_w.o)
    0x08000f3e   0x08000f3e   0x0000004e   Code   RO         6996    .text               c_w.l(rt_memclr_w.o)
    0x08000f8c   0x08000f8c   0x00000006   Code   RO         6998    .text               c_w.l(heapauxi.o)
    0x08000f92   0x08000f92   0x00000016   Code   RO         7123    .text               c_w.l(_rserrno.o)
    0x08000fa8   0x08000fa8   0x00000008   Code   RO         7237    .text               c_w.l(rt_errno_addr_intlibspace.o)
    0x08000fb0   0x08000fb0   0x00000030   Code   RO         7239    .text               c_w.l(_fptrap.o)
    0x08000fe0   0x08000fe0   0x00000008   Code   RO         7243    .text               c_w.l(libspace.o)
    0x08000fe8   0x08000fe8   0x0000004a   Code   RO         7246    .text               c_w.l(sys_stackheap_outer.o)
    0x08001032   0x08001032   0x00000012   Code   RO         7248    .text               c_w.l(exit.o)
    0x08001044   0x08001044   0x0000000e   Code   RO         7250    .text               c_w.l(defsig_fpe_outer.o)
    0x08001052   0x08001052   0x0000000a   Code   RO         7264    .text               c_w.l(defsig_exit.o)
    0x0800105c   0x0800105c   0x000000ac   Code   RO         7266    .text               c_w.l(defsig_fpe_inner.o)
    0x08001108   0x08001108   0x0000000c   Code   RO         7313    .text               c_w.l(sys_exit.o)
    0x08001114   0x08001114   0x00000032   Code   RO         7324    .text               c_w.l(defsig_general.o)
    0x08001146   0x08001146   0x0000000e   Code   RO         7330    .text               c_w.l(sys_wrch.o)
    0x08001154   0x08001154   0x00000002   Code   RO         7332    .text               c_w.l(use_no_semi.o)
    0x08001156   0x08001156   0x00000000   Code   RO         7334    .text               c_w.l(indicate_semi.o)
    0x08001156   0x08001156   0x00000002   PAD
    0x08001158   0x08001158   0x0000007c   Code   RO         2172    i.ADRC_Control      adrc.o
    0x080011d4   0x080011d4   0x000000f0   Code   RO         2173    i.ADRC_Init         adrc.o
    0x080012c4   0x080012c4   0x00000028   Code   RO          979    i.Append_CRC16_Check_Sum  crc.o
    0x080012ec   0x080012ec   0x0000001c   Code   RO          980    i.Append_CRC8_Check_Sum  crc.o
    0x08001308   0x08001308   0x00000014   Code   RO         1746    i.Automatic_Find_Enemy  remote_task.o
    0x0800131c   0x0800131c   0x00000108   Code   RO         1476    i.Bullet_Amend      gimbal_task.o
    0x08001424   0x08001424   0x00000002   Code   RO          649    i.BusFault_Handler  stm32f4xx_it.o
    0x08001426   0x08001426   0x00000002   PAD
    0x08001428   0x08001428   0x0000000c   Code   RO         1629    i.Buzzer_off        detect_task.o
    0x08001434   0x08001434   0x0000003c   Code   RO         1155    i.CAN1_Filter_Init  bsp_can.o
    0x08001470   0x08001470   0x0000000c   Code   RO          650    i.CAN1_RX0_IRQHandler  stm32f4xx_it.o
    0x0800147c   0x0800147c   0x00000034   Code   RO         1950    i.Cap_Output        can_receive.o
    0x080014b0   0x080014b0   0x00000038   Code   RO         2142    i.Cap_Task          cap_task.o
    0x080014e8   0x080014e8   0x0000006c   Code   RO         2011    i.Capdata_Deal      user_task.o
    0x08001554   0x08001554   0x0000012c   Code   RO         1837    i.Chassis_Follow_PD_Calc  pid.o
    0x08001680   0x08001680   0x0000002c   Code   RO         1693    i.Chassis_Power_On  chassis_task.o
    0x080016ac   0x080016ac   0x000004c8   Code   RO         1694    i.Chassis_Task      chassis_task.o
    0x08001b74   0x08001b74   0x0000006e   Code   RO         2012    i.Circle_Draw       user_task.o
    0x08001be2   0x08001be2   0x00000002   PAD
    0x08001be4   0x08001be4   0x00000290   Code   RO         1747    i.Computer_control  remote_task.o
    0x08001e74   0x08001e74   0x0000000c   Code   RO          651    i.DMA1_Stream1_IRQHandler  stm32f4xx_it.o
    0x08001e80   0x08001e80   0x0000000c   Code   RO          652    i.DMA1_Stream3_IRQHandler  stm32f4xx_it.o
    0x08001e8c   0x08001e8c   0x0000000c   Code   RO          653    i.DMA1_Stream6_IRQHandler  stm32f4xx_it.o
    0x08001e98   0x08001e98   0x0000000c   Code   RO          654    i.DMA2_Stream1_IRQHandler  stm32f4xx_it.o
    0x08001ea4   0x08001ea4   0x0000000c   Code   RO          655    i.DMA2_Stream2_IRQHandler  stm32f4xx_it.o
    0x08001eb0   0x08001eb0   0x00000034   Code   RO         3085    i.DMA_CalcBaseAndBitshift  stm32f4xx_hal_dma.o
    0x08001ee4   0x08001ee4   0x0000007e   Code   RO         3086    i.DMA_CheckFifoParam  stm32f4xx_hal_dma.o
    0x08001f62   0x08001f62   0x00000038   Code   RO         3087    i.DMA_SetConfig     stm32f4xx_hal_dma.o
    0x08001f9a   0x08001f9a   0x00000002   Code   RO          656    i.DebugMon_Handler  stm32f4xx_it.o
    0x08001f9c   0x08001f9c   0x00000044   Code   RO         1631    i.Detect_Task       detect_task.o
    0x08001fe0   0x08001fe0   0x00000148   Code   RO         1903    i.Direction_Keep    powerlimit.o
    0x08002128   0x08002128   0x000000ac   Code   RO         2013    i.Draw_Five_Picture  user_task.o
    0x080021d4   0x080021d4   0x00000250   Code   RO         2014    i.Draw_Init         user_task.o
    0x08002424   0x08002424   0x000000c8   Code   RO         2016    i.Draw_Seven_Picture  user_task.o
    0x080024ec   0x080024ec   0x00000084   Code   RO         2017    i.Draw_Two_Picture  user_task.o
    0x08002570   0x08002570   0x0000009c   Code   RO         2018    i.Dynamic_Charcpxt_Cacl  user_task.o
    0x0800260c   0x0800260c   0x0000005c   Code   RO         2019    i.Dynamicdata_Position_Init  user_task.o
    0x08002668   0x08002668   0x00000096   Code   RO         2174    i.ESO_ADRC          adrc.o
    0x080026fe   0x080026fe   0x00000002   Code   RO           13    i.Error_Handler     main.o
    0x08002700   0x08002700   0x00000058   Code   RO         2810    i.FLASH_Erase_Sector  stm32f4xx_hal_flash_ex.o
    0x08002758   0x08002758   0x00000020   Code   RO         2692    i.FLASH_Program_Byte  stm32f4xx_hal_flash.o
    0x08002778   0x08002778   0x00000034   Code   RO         2693    i.FLASH_Program_DoubleWord  stm32f4xx_hal_flash.o
    0x080027ac   0x080027ac   0x00000024   Code   RO         2694    i.FLASH_Program_HalfWord  stm32f4xx_hal_flash.o
    0x080027d0   0x080027d0   0x00000024   Code   RO         2695    i.FLASH_Program_Word  stm32f4xx_hal_flash.o
    0x080027f4   0x080027f4   0x00000088   Code   RO         2696    i.FLASH_SetErrorCode  stm32f4xx_hal_flash.o
    0x0800287c   0x0800287c   0x00000060   Code   RO         2697    i.FLASH_WaitForLastOperation  stm32f4xx_hal_flash.o
    0x080028dc   0x080028dc   0x00000048   Code   RO         1632    i.Facility_Frequency  detect_task.o
    0x08002924   0x08002924   0x00000090   Code   RO         2175    i.Fal_ADRC          adrc.o
    0x080029b4   0x080029b4   0x00000058   Code   RO         1477    i.Feed_PID_Control  gimbal_task.o
    0x08002a0c   0x08002a0c   0x0000014c   Code   RO         2176    i.Fhan_ADRC         adrc.o
    0x08002b58   0x08002b58   0x00000062   Code   RO         2245    i.FirstOrder_KalmanFilter_Cacl  filter.o
    0x08002bba   0x08002bba   0x00000002   PAD
    0x08002bbc   0x08002bbc   0x00000030   Code   RO         2246    i.FirstOrder_KalmanFilter_Init  filter.o
    0x08002bec   0x08002bec   0x00000020   Code   RO         1191    i.FlashErase11      bsp_imu.o
    0x08002c0c   0x08002c0c   0x0000001e   Code   RO         1193    i.FlashWrite        bsp_imu.o
    0x08002c2a   0x08002c2a   0x00000002   PAD
    0x08002c2c   0x08002c2c   0x00000024   Code   RO         1116    i.Friction_OFF      bsp_friction.o
    0x08002c50   0x08002c50   0x0000005c   Code   RO         1117    i.Friction_ON       bsp_friction.o
    0x08002cac   0x08002cac   0x00000024   Code   RO         2177    i.Fsg_ADRC          adrc.o
    0x08002cd0   0x08002cd0   0x00000010   Code   RO         1041    i.Func_Abs          universal.o
    0x08002ce0   0x08002ce0   0x00000080   Code   RO         1042    i.Func_CircleRamp   universal.o
    0x08002d60   0x08002d60   0x0000007c   Code   RO         1043    i.Func_FRamp        universal.o
    0x08002ddc   0x08002ddc   0x00000020   Code   RO         1044    i.Func_Limit        universal.o
    0x08002dfc   0x08002dfc   0x0000003a   Code   RO         1045    i.Func_Ramp         universal.o
    0x08002e36   0x08002e36   0x0000000e   Code   RO         1047    i.Func_Signal       universal.o
    0x08002e44   0x08002e44   0x00000006   Code   RO          347    i.Func_Start        freertos.o
    0x08002e4a   0x08002e4a   0x0000001a   Code   RO         1048    i.Func_ValueRannge  universal.o
    0x08002e64   0x08002e64   0x00000098   Code   RO         1951    i.GM2006_Position_Deal  can_receive.o
    0x08002efc   0x08002efc   0x0000002c   Code   RO          981    i.Get_CRC16_Check_Sum  crc.o
    0x08002f28   0x08002f28   0x0000001c   Code   RO          982    i.Get_CRC8_Check_Sum  crc.o
    0x08002f44   0x08002f44   0x00000064   Code   RO         1478    i.Gimbal_Disable    gimbal_task.o
    0x08002fa8   0x08002fa8   0x0000008c   Code   RO         1480    i.Gimbal_FirstOrder_KalmanFilter  gimbal_task.o
    0x08003034   0x08003034   0x00000050   Code   RO         1952    i.Gimbal_Output     can_receive.o
    0x08003084   0x08003084   0x00000120   Code   RO         1481    i.Gimbal_Task       gimbal_task.o
    0x080031a4   0x080031a4   0x00000070   Code   RO         1482    i.Gravity_Compensate  gimbal_task.o
    0x08003214   0x08003214   0x00000024   Code   RO         2291    i.HAL_CAN_ActivateNotification  stm32f4xx_hal_can.o
    0x08003238   0x08003238   0x00000104   Code   RO         2292    i.HAL_CAN_AddTxMessage  stm32f4xx_hal_can.o
    0x0800333c   0x0800333c   0x00000128   Code   RO         2293    i.HAL_CAN_ConfigFilter  stm32f4xx_hal_can.o
    0x08003464   0x08003464   0x00000002   Code   RO         2296    i.HAL_CAN_ErrorCallback  stm32f4xx_hal_can.o
    0x08003466   0x08003466   0x0000016c   Code   RO         2299    i.HAL_CAN_GetRxMessage  stm32f4xx_hal_can.o
    0x080035d2   0x080035d2   0x00000234   Code   RO         2303    i.HAL_CAN_IRQHandler  stm32f4xx_hal_can.o
    0x08003806   0x08003806   0x00000168   Code   RO         2304    i.HAL_CAN_Init      stm32f4xx_hal_can.o
    0x0800396e   0x0800396e   0x00000002   PAD
    0x08003970   0x08003970   0x00000078   Code   RO          404    i.HAL_CAN_MspInit   can.o
    0x080039e8   0x080039e8   0x00000002   Code   RO         2311    i.HAL_CAN_RxFifo0FullCallback  stm32f4xx_hal_can.o
    0x080039ea   0x080039ea   0x00000002   PAD
    0x080039ec   0x080039ec   0x00000014   Code   RO         1157    i.HAL_CAN_RxFifo0MsgPendingCallback  bsp_can.o
    0x08003a00   0x08003a00   0x00000002   Code   RO         2313    i.HAL_CAN_RxFifo1FullCallback  stm32f4xx_hal_can.o
    0x08003a02   0x08003a02   0x00000002   Code   RO         2314    i.HAL_CAN_RxFifo1MsgPendingCallback  stm32f4xx_hal_can.o
    0x08003a04   0x08003a04   0x00000002   Code   RO         2315    i.HAL_CAN_SleepCallback  stm32f4xx_hal_can.o
    0x08003a06   0x08003a06   0x00000064   Code   RO         2316    i.HAL_CAN_Start     stm32f4xx_hal_can.o
    0x08003a6a   0x08003a6a   0x00000002   Code   RO         2318    i.HAL_CAN_TxMailbox0AbortCallback  stm32f4xx_hal_can.o
    0x08003a6c   0x08003a6c   0x00000002   Code   RO         2319    i.HAL_CAN_TxMailbox0CompleteCallback  stm32f4xx_hal_can.o
    0x08003a6e   0x08003a6e   0x00000002   Code   RO         2320    i.HAL_CAN_TxMailbox1AbortCallback  stm32f4xx_hal_can.o
    0x08003a70   0x08003a70   0x00000002   Code   RO         2321    i.HAL_CAN_TxMailbox1CompleteCallback  stm32f4xx_hal_can.o
    0x08003a72   0x08003a72   0x00000002   Code   RO         2322    i.HAL_CAN_TxMailbox2AbortCallback  stm32f4xx_hal_can.o
    0x08003a74   0x08003a74   0x00000002   Code   RO         2323    i.HAL_CAN_TxMailbox2CompleteCallback  stm32f4xx_hal_can.o
    0x08003a76   0x08003a76   0x00000002   Code   RO         2325    i.HAL_CAN_WakeUpFromRxMsgCallback  stm32f4xx_hal_can.o
    0x08003a78   0x08003a78   0x000000a2   Code   RO         3088    i.HAL_DMA_Abort     stm32f4xx_hal_dma.o
    0x08003b1a   0x08003b1a   0x00000024   Code   RO         3089    i.HAL_DMA_Abort_IT  stm32f4xx_hal_dma.o
    0x08003b3e   0x08003b3e   0x00000002   PAD
    0x08003b40   0x08003b40   0x000001ec   Code   RO         3093    i.HAL_DMA_IRQHandler  stm32f4xx_hal_dma.o
    0x08003d2c   0x08003d2c   0x000000ec   Code   RO         3094    i.HAL_DMA_Init      stm32f4xx_hal_dma.o
    0x08003e18   0x08003e18   0x00000070   Code   RO         3098    i.HAL_DMA_Start_IT  stm32f4xx_hal_dma.o
    0x08003e88   0x08003e88   0x00000028   Code   RO         3520    i.HAL_Delay         stm32f4xx_hal.o
    0x08003eb0   0x08003eb0   0x00000014   Code   RO         2701    i.HAL_FLASH_Lock    stm32f4xx_hal_flash.o
    0x08003ec4   0x08003ec4   0x00000080   Code   RO         2706    i.HAL_FLASH_Program  stm32f4xx_hal_flash.o
    0x08003f44   0x08003f44   0x00000034   Code   RO         2708    i.HAL_FLASH_Unlock  stm32f4xx_hal_flash.o
    0x08003f78   0x08003f78   0x0000024c   Code   RO         2981    i.HAL_GPIO_Init     stm32f4xx_hal_gpio.o
    0x080041c4   0x080041c4   0x00000010   Code   RO         2984    i.HAL_GPIO_TogglePin  stm32f4xx_hal_gpio.o
    0x080041d4   0x080041d4   0x0000000e   Code   RO         2985    i.HAL_GPIO_WritePin  stm32f4xx_hal_gpio.o
    0x080041e2   0x080041e2   0x00000002   PAD
    0x080041e4   0x080041e4   0x0000000c   Code   RO         3528    i.HAL_GetTick       stm32f4xx_hal.o
    0x080041f0   0x080041f0   0x00000010   Code   RO         3534    i.HAL_IncTick       stm32f4xx_hal.o
    0x08004200   0x08004200   0x00000034   Code   RO         3535    i.HAL_Init          stm32f4xx_hal.o
    0x08004234   0x08004234   0x00000074   Code   RO          803    i.HAL_InitTick      stm32f4xx_hal_timebase_tim.o
    0x080042a8   0x080042a8   0x00000038   Code   RO          779    i.HAL_MspInit       stm32f4xx_hal_msp.o
    0x080042e0   0x080042e0   0x0000001c   Code   RO         3388    i.HAL_NVIC_EnableIRQ  stm32f4xx_hal_cortex.o
    0x080042fc   0x080042fc   0x00000068   Code   RO         3394    i.HAL_NVIC_SetPriority  stm32f4xx_hal_cortex.o
    0x08004364   0x08004364   0x00000024   Code   RO         3395    i.HAL_NVIC_SetPriorityGrouping  stm32f4xx_hal_cortex.o
    0x08004388   0x08004388   0x00000024   Code   RO         3396    i.HAL_NVIC_SystemReset  stm32f4xx_hal_cortex.o
    0x080043ac   0x080043ac   0x0000007c   Code   RO         3317    i.HAL_PWREx_EnableOverDrive  stm32f4xx_hal_pwr_ex.o
    0x08004428   0x08004428   0x0000017c   Code   RO         2525    i.HAL_RCC_ClockConfig  stm32f4xx_hal_rcc.o
    0x080045a4   0x080045a4   0x0000003c   Code   RO         2529    i.HAL_RCC_GetClockConfig  stm32f4xx_hal_rcc.o
    0x080045e0   0x080045e0   0x0000000c   Code   RO         2530    i.HAL_RCC_GetHCLKFreq  stm32f4xx_hal_rcc.o
    0x080045ec   0x080045ec   0x00000020   Code   RO         2532    i.HAL_RCC_GetPCLK1Freq  stm32f4xx_hal_rcc.o
    0x0800460c   0x0800460c   0x00000020   Code   RO         2533    i.HAL_RCC_GetPCLK2Freq  stm32f4xx_hal_rcc.o
    0x0800462c   0x0800462c   0x00000070   Code   RO         2534    i.HAL_RCC_GetSysClockFreq  stm32f4xx_hal_rcc.o
    0x0800469c   0x0800469c   0x00000482   Code   RO         2537    i.HAL_RCC_OscConfig  stm32f4xx_hal_rcc.o
    0x08004b1e   0x08004b1e   0x000000be   Code   RO         3794    i.HAL_SPI_Init      stm32f4xx_hal_spi.o
    0x08004bdc   0x08004bdc   0x0000006c   Code   RO          470    i.HAL_SPI_MspInit   spi.o
    0x08004c48   0x08004c48   0x000001f8   Code   RO         3803    i.HAL_SPI_TransmitReceive  stm32f4xx_hal_spi.o
    0x08004e40   0x08004e40   0x00000002   Code   RO         4822    i.HAL_TIMEx_BreakCallback  stm32f4xx_hal_tim_ex.o
    0x08004e42   0x08004e42   0x00000002   Code   RO         4823    i.HAL_TIMEx_CommutCallback  stm32f4xx_hal_tim_ex.o
    0x08004e44   0x08004e44   0x00000066   Code   RO         4825    i.HAL_TIMEx_ConfigBreakDeadTime  stm32f4xx_hal_tim_ex.o
    0x08004eaa   0x08004eaa   0x0000009a   Code   RO         4841    i.HAL_TIMEx_MasterConfigSynchronization  stm32f4xx_hal_tim_ex.o
    0x08004f44   0x08004f44   0x0000005c   Code   RO         4107    i.HAL_TIM_Base_Init  stm32f4xx_hal_tim.o
    0x08004fa0   0x08004fa0   0x0000003c   Code   RO          512    i.HAL_TIM_Base_MspInit  tim.o
    0x08004fdc   0x08004fdc   0x0000008a   Code   RO         4112    i.HAL_TIM_Base_Start_IT  stm32f4xx_hal_tim.o
    0x08005066   0x08005066   0x000000ea   Code   RO         4116    i.HAL_TIM_ConfigClockSource  stm32f4xx_hal_tim.o
    0x08005150   0x08005150   0x00000002   Code   RO         4141    i.HAL_TIM_IC_CaptureCallback  stm32f4xx_hal_tim.o
    0x08005152   0x08005152   0x00000174   Code   RO         4155    i.HAL_TIM_IRQHandler  stm32f4xx_hal_tim.o
    0x080052c6   0x080052c6   0x00000002   PAD
    0x080052c8   0x080052c8   0x000000e4   Code   RO          513    i.HAL_TIM_MspPostInit  tim.o
    0x080053ac   0x080053ac   0x00000002   Code   RO         4158    i.HAL_TIM_OC_DelayElapsedCallback  stm32f4xx_hal_tim.o
    0x080053ae   0x080053ae   0x000000d8   Code   RO         4179    i.HAL_TIM_PWM_ConfigChannel  stm32f4xx_hal_tim.o
    0x08005486   0x08005486   0x0000005c   Code   RO         4182    i.HAL_TIM_PWM_Init  stm32f4xx_hal_tim.o
    0x080054e2   0x080054e2   0x00000002   PAD
    0x080054e4   0x080054e4   0x00000060   Code   RO          515    i.HAL_TIM_PWM_MspInit  tim.o
    0x08005544   0x08005544   0x00000002   Code   RO         4185    i.HAL_TIM_PWM_PulseFinishedCallback  stm32f4xx_hal_tim.o
    0x08005546   0x08005546   0x00000002   PAD
    0x08005548   0x08005548   0x000000dc   Code   RO         4187    i.HAL_TIM_PWM_Start  stm32f4xx_hal_tim.o
    0x08005624   0x08005624   0x00000014   Code   RO           14    i.HAL_TIM_PeriodElapsedCallback  main.o
    0x08005638   0x08005638   0x00000002   Code   RO         4198    i.HAL_TIM_TriggerCallback  stm32f4xx_hal_tim.o
    0x0800563a   0x0800563a   0x00000002   Code   RO         5100    i.HAL_UARTEx_RxEventCallback  stm32f4xx_hal_uart.o
    0x0800563c   0x0800563c   0x00000070   Code   RO         5112    i.HAL_UART_DMAStop  stm32f4xx_hal_uart.o
    0x080056ac   0x080056ac   0x00000002   Code   RO         5114    i.HAL_UART_ErrorCallback  stm32f4xx_hal_uart.o
    0x080056ae   0x080056ae   0x00000002   PAD
    0x080056b0   0x080056b0   0x00000260   Code   RO         5117    i.HAL_UART_IRQHandler  stm32f4xx_hal_uart.o
    0x08005910   0x08005910   0x00000064   Code   RO         5118    i.HAL_UART_Init     stm32f4xx_hal_uart.o
    0x08005974   0x08005974   0x000002bc   Code   RO          590    i.HAL_UART_MspInit  usart.o
    0x08005c30   0x08005c30   0x0000002e   Code   RO         5122    i.HAL_UART_Receive_DMA  stm32f4xx_hal_uart.o
    0x08005c5e   0x08005c5e   0x00000002   PAD
    0x08005c60   0x08005c60   0x00000058   Code   RO          842    i.HAL_UART_RxCpltCallback  bsp_uart.o
    0x08005cb8   0x08005cb8   0x00000002   Code   RO         5125    i.HAL_UART_RxHalfCpltCallback  stm32f4xx_hal_uart.o
    0x08005cba   0x08005cba   0x00000002   PAD
    0x08005cbc   0x08005cbc   0x000000a0   Code   RO         5127    i.HAL_UART_Transmit_DMA  stm32f4xx_hal_uart.o
    0x08005d5c   0x08005d5c   0x00000042   Code   RO         5128    i.HAL_UART_Transmit_IT  stm32f4xx_hal_uart.o
    0x08005d9e   0x08005d9e   0x00000002   PAD
    0x08005da0   0x08005da0   0x00000014   Code   RO          843    i.HAL_UART_TxCpltCallback  bsp_uart.o
    0x08005db4   0x08005db4   0x00000002   Code   RO         5130    i.HAL_UART_TxHalfCpltCallback  stm32f4xx_hal_uart.o
    0x08005db6   0x08005db6   0x00000002   Code   RO          657    i.HardFault_Handler  stm32f4xx_it.o
    0x08005db8   0x08005db8   0x00000016   Code   RO         1194    i.Imu_Init          bsp_imu.o
    0x08005dce   0x08005dce   0x00000002   PAD
    0x08005dd0   0x08005dd0   0x0000002c   Code   RO         1695    i.Imu_Temperature_Compensate  chassis_task.o
    0x08005dfc   0x08005dfc   0x00000012   Code   RO         1195    i.Imu_Update        bsp_imu.o
    0x08005e0e   0x08005e0e   0x00000002   PAD
    0x08005e10   0x08005e10   0x000000b4   Code   RO         1347    i.Imuex_Receive     bsp_imuex.o
    0x08005ec4   0x08005ec4   0x0000006c   Code   RO          844    i.Key_Deal          bsp_uart.o
    0x08005f30   0x08005f30   0x0000001c   Code   RO          845    i.Key_Press         bsp_uart.o
    0x08005f4c   0x08005f4c   0x00000078   Code   RO         2020    i.Line_Draw         user_task.o
    0x08005fc4   0x08005fc4   0x000000dc   Code   RO         1696    i.M3508Ramp_Self_Deal  chassis_task.o
    0x080060a0   0x080060a0   0x00000054   Code   RO         1953    i.M3508_Output      can_receive.o
    0x080060f4   0x080060f4   0x00000044   Code   RO          405    i.MX_CAN1_Init      can.o
    0x08006138   0x08006138   0x0000007c   Code   RO          445    i.MX_DMA_Init       dma.o
    0x080061b4   0x080061b4   0x0000003c   Code   RO          348    i.MX_FREERTOS_Init  freertos.o
    0x080061f0   0x080061f0   0x00000208   Code   RO          323    i.MX_GPIO_Init      gpio.o
    0x080063f8   0x080063f8   0x00000048   Code   RO          471    i.MX_SPI5_Init      spi.o
    0x08006440   0x08006440   0x0000005c   Code   RO          516    i.MX_TIM12_Init     tim.o
    0x0800649c   0x0800649c   0x00000098   Code   RO          517    i.MX_TIM3_Init      tim.o
    0x08006534   0x08006534   0x00000084   Code   RO          518    i.MX_TIM5_Init      tim.o
    0x080065b8   0x080065b8   0x000000a0   Code   RO          519    i.MX_TIM8_Init      tim.o
    0x08006658   0x08006658   0x00000038   Code   RO          591    i.MX_UART8_Init     usart.o
    0x08006690   0x08006690   0x00000040   Code   RO          592    i.MX_USART1_UART_Init  usart.o
    0x080066d0   0x080066d0   0x00000038   Code   RO          593    i.MX_USART3_UART_Init  usart.o
    0x08006708   0x08006708   0x00000038   Code   RO          594    i.MX_USART6_UART_Init  usart.o
    0x08006740   0x08006740   0x00000002   Code   RO          658    i.MemManage_Handler  stm32f4xx_it.o
    0x08006742   0x08006742   0x00000018   Code   RO         1954    i.Motor_Data_Deal   can_receive.o
    0x0800675a   0x0800675a   0x00000002   PAD
    0x0800675c   0x0800675c   0x00000128   Code   RO         1955    i.Motor_Data_Receive  can_receive.o
    0x08006884   0x08006884   0x00000124   Code   RO         1748    i.Mouse_Control     remote_task.o
    0x080069a8   0x080069a8   0x00000002   Code   RO          659    i.NMI_Handler       stm32f4xx_it.o
    0x080069aa   0x080069aa   0x00000002   PAD
    0x080069ac   0x080069ac   0x00000060   Code   RO         2178    i.Nolinear_Conbination_ADRC  adrc.o
    0x08006a0c   0x08006a0c   0x000001f0   Code   RO         1838    i.PID_Calc          pid.o
    0x08006bfc   0x08006bfc   0x00000020   Code   RO         1839    i.PID_Clear         pid.o
    0x08006c1c   0x08006c1c   0x00000034   Code   RO         1840    i.PID_Init          pid.o
    0x08006c50   0x08006c50   0x0000004c   Code   RO         1483    i.PITCH_ADRC_Control  gimbal_task.o
    0x08006c9c   0x08006c9c   0x00000198   Code   RO         1904    i.Power_Control     powerlimit.o
    0x08006e34   0x08006e34   0x00000078   Code   RO         1905    i.Power_Deal        powerlimit.o
    0x08006eac   0x08006eac   0x000000a8   Code   RO         1906    i.Power_PID_Calc    powerlimit.o
    0x08006f54   0x08006f54   0x0000007a   Code   RO         2021    i.Rectangle_Draw    user_task.o
    0x08006fce   0x08006fce   0x00000002   PAD
    0x08006fd0   0x08006fd0   0x000000b8   Code   RO         2022    i.Referee_Dynamicdata_Send  user_task.o
    0x08007088   0x08007088   0x0000023c   Code   RO         1801    i.Referee_Receive   referee.o
    0x080072c4   0x080072c4   0x000000b8   Code   RO         2023    i.Referee_Staticdata_Send  user_task.o
    0x0800737c   0x0800737c   0x000000fc   Code   RO         1749    i.Remote_Control    remote_task.o
    0x08007478   0x08007478   0x00000080   Code   RO          846    i.Remote_DateReceive  bsp_uart.o
    0x080074f8   0x080074f8   0x00000034   Code   RO         1634    i.Remote_Detect     detect_task.o
    0x0800752c   0x0800752c   0x00000038   Code   RO         1750    i.Remote_Task       remote_task.o
    0x08007564   0x08007564   0x00000012   Code   RO         1635    i.Remote_Value_Detect  detect_task.o
    0x08007576   0x08007576   0x00000002   PAD
    0x08007578   0x08007578   0x00000064   Code   RO         3832    i.SPI_EndRxTxTransaction  stm32f4xx_hal_spi.o
    0x080075dc   0x080075dc   0x000000d8   Code   RO         3837    i.SPI_WaitFlagStateUntilTimeout  stm32f4xx_hal_spi.o
    0x080076b4   0x080076b4   0x000000f8   Code   RO         1486    i.Shooting_Control  gimbal_task.o
    0x080077ac   0x080077ac   0x00000028   Code   RO         2179    i.Sign_ADRC         adrc.o
    0x080077d4   0x080077d4   0x00000008   Code   RO          349    i.StartDefaultTask  freertos.o
    0x080077dc   0x080077dc   0x000000c8   Code   RO         1593    i.Start_Task        start_task.o
    0x080078a4   0x080078a4   0x00000050   Code   RO         2024    i.Static_Charcpxt_Init  user_task.o
    0x080078f4   0x080078f4   0x00000058   Code   RO         2025    i.Staticdata_Position_Init  user_task.o
    0x0800794c   0x0800794c   0x0000002c   Code   RO         6739    i.SysTick_Handler   port.o
    0x08007978   0x08007978   0x00000098   Code   RO           15    i.SystemClock_Config  main.o
    0x08007a10   0x08007a10   0x00000058   Code   RO         5457    i.SystemInit        system_stm32f4xx.o
    0x08007a68   0x08007a68   0x0000000c   Code   RO          660    i.TIM1_UP_TIM10_IRQHandler  stm32f4xx_it.o
    0x08007a74   0x08007a74   0x0000000c   Code   RO          661    i.TIM3_IRQHandler   stm32f4xx_it.o
    0x08007a80   0x08007a80   0x000000cc   Code   RO         4200    i.TIM_Base_SetConfig  stm32f4xx_hal_tim.o
    0x08007b4c   0x08007b4c   0x0000001e   Code   RO         4201    i.TIM_CCxChannelCmd  stm32f4xx_hal_tim.o
    0x08007b6a   0x08007b6a   0x00000016   Code   RO         4211    i.TIM_ETR_SetConfig  stm32f4xx_hal_tim.o
    0x08007b80   0x08007b80   0x00000010   Code   RO         4212    i.TIM_ITRx_SetConfig  stm32f4xx_hal_tim.o
    0x08007b90   0x08007b90   0x00000070   Code   RO         4213    i.TIM_OC1_SetConfig  stm32f4xx_hal_tim.o
    0x08007c00   0x08007c00   0x00000078   Code   RO         4214    i.TIM_OC2_SetConfig  stm32f4xx_hal_tim.o
    0x08007c78   0x08007c78   0x00000078   Code   RO         4215    i.TIM_OC3_SetConfig  stm32f4xx_hal_tim.o
    0x08007cf0   0x08007cf0   0x00000058   Code   RO         4216    i.TIM_OC4_SetConfig  stm32f4xx_hal_tim.o
    0x08007d48   0x08007d48   0x00000026   Code   RO         4218    i.TIM_TI1_ConfigInputStage  stm32f4xx_hal_tim.o
    0x08007d6e   0x08007d6e   0x00000024   Code   RO         4220    i.TIM_TI2_ConfigInputStage  stm32f4xx_hal_tim.o
    0x08007d92   0x08007d92   0x00000002   PAD
    0x08007d94   0x08007d94   0x00000020   Code   RO         1382    i.TX1_DataReceive   bsp_tx1.o
    0x08007db4   0x08007db4   0x00000030   Code   RO         1383    i.TX1_DataTransmit  bsp_tx1.o
    0x08007de4   0x08007de4   0x00000024   Code   RO         1384    i.TX1_Mode_Switch   bsp_tx1.o
    0x08007e08   0x08007e08   0x00000018   Code   RO          662    i.UART8_IRQHandler  stm32f4xx_it.o
    0x08007e20   0x08007e20   0x00000010   Code   RO         5131    i.UART_DMAAbortOnError  stm32f4xx_hal_uart.o
    0x08007e30   0x08007e30   0x0000004a   Code   RO         5132    i.UART_DMAError     stm32f4xx_hal_uart.o
    0x08007e7a   0x08007e7a   0x00000084   Code   RO         5133    i.UART_DMAReceiveCplt  stm32f4xx_hal_uart.o
    0x08007efe   0x08007efe   0x0000001a   Code   RO         5135    i.UART_DMARxHalfCplt  stm32f4xx_hal_uart.o
    0x08007f18   0x08007f18   0x00000044   Code   RO         5137    i.UART_DMATransmitCplt  stm32f4xx_hal_uart.o
    0x08007f5c   0x08007f5c   0x0000000a   Code   RO         5139    i.UART_DMATxHalfCplt  stm32f4xx_hal_uart.o
    0x08007f66   0x08007f66   0x0000004e   Code   RO         5141    i.UART_EndRxTransfer  stm32f4xx_hal_uart.o
    0x08007fb4   0x08007fb4   0x0000001a   Code   RO         5142    i.UART_EndTransmit_IT  stm32f4xx_hal_uart.o
    0x08007fce   0x08007fce   0x0000001c   Code   RO         5143    i.UART_EndTxTransfer  stm32f4xx_hal_uart.o
    0x08007fea   0x08007fea   0x000000c8   Code   RO         5144    i.UART_Receive_IT   stm32f4xx_hal_uart.o
    0x080080b2   0x080080b2   0x00000012   Code   RO          847    i.UART_RxIdleCallback  bsp_uart.o
    0x080080c4   0x080080c4   0x000000fc   Code   RO         5145    i.UART_SetConfig    stm32f4xx_hal_uart.o
    0x080081c0   0x080081c0   0x00000050   Code   RO          848    i.UART_Start        bsp_uart.o
    0x08008210   0x08008210   0x00000094   Code   RO         5146    i.UART_Start_Receive_DMA  stm32f4xx_hal_uart.o
    0x080082a4   0x080082a4   0x0000005e   Code   RO         5148    i.UART_Transmit_IT  stm32f4xx_hal_uart.o
    0x08008302   0x08008302   0x00000002   PAD
    0x08008304   0x08008304   0x00000018   Code   RO          663    i.USART3_IRQHandler  stm32f4xx_it.o
    0x0800831c   0x0800831c   0x0000000c   Code   RO          664    i.USART6_IRQHandler  stm32f4xx_it.o
    0x08008328   0x08008328   0x00000002   Code   RO          665    i.UsageFault_Handler  stm32f4xx_it.o
    0x0800832a   0x0800832a   0x00000002   PAD
    0x0800832c   0x0800832c   0x000003fc   Code   RO         1594    i.User_Init         start_task.o
    0x08008728   0x08008728   0x00000678   Code   RO         2026    i.User_Task         user_task.o
    0x08008da0   0x08008da0   0x0000003c   Code   RO          983    i.Verify_CRC16_Check_Sum  crc.o
    0x08008ddc   0x08008ddc   0x00000026   Code   RO          984    i.Verify_CRC8_Check_Sum  crc.o
    0x08008e02   0x08008e02   0x00000002   PAD
    0x08008e04   0x08008e04   0x000000d4   Code   RO         1487    i.Vision_Control_Gimbal  gimbal_task.o
    0x08008ed8   0x08008ed8   0x00000050   Code   RO         1488    i.YAW_PID_WithIMU   gimbal_task.o
    0x08008f28   0x08008f28   0x000000e0   Code   RO         1842    i.Yaw_Feedforward_Controler  pid.o
    0x08009008   0x08009008   0x00000030   Code   RO         7185    i.__ARM_fpclassify  m_wm.l(fpclassify.o)
    0x08009038   0x08009038   0x00000026   Code   RO         7187    i.__ARM_fpclassifyf  m_wm.l(fpclassifyf.o)
    0x0800905e   0x0800905e   0x00000002   PAD
    0x08009060   0x08009060   0x00000360   Code   RO         7036    i.__hardfp_asin     m_wm.l(asin.o)
    0x080093c0   0x080093c0   0x000002d8   Code   RO         7154    i.__hardfp_atan     m_wm.l(atan.o)
    0x08009698   0x08009698   0x000001f0   Code   RO         7050    i.__hardfp_atan2    m_wm.l(atan2.o)
    0x08009888   0x08009888   0x000000c8   Code   RO         7062    i.__hardfp_cos      m_wm.l(cos.o)
    0x08009950   0x08009950   0x00000014   Code   RO         7074    i.__hardfp_fabs     m_wm.l(fabs.o)
    0x08009964   0x08009964   0x00000664   Code   RO         7080    i.__hardfp_powf     m_wm.l(powf.o)
    0x08009fc8   0x08009fc8   0x000000c8   Code   RO         7094    i.__hardfp_sin      m_wm.l(sin.o)
    0x0800a090   0x0800a090   0x0000007a   Code   RO         7106    i.__hardfp_sqrt     m_wm.l(sqrt_full.o)
    0x0800a10a   0x0800a10a   0x00000006   PAD
    0x0800a110   0x0800a110   0x00000438   Code   RO         7206    i.__ieee754_rem_pio2  m_wm.l(rred.o)
    0x0800a548   0x0800a548   0x00000170   Code   RO         7168    i.__kernel_cos      m_wm.l(cos_i.o)
    0x0800a6b8   0x0800a6b8   0x000000f8   Code   RO         7203    i.__kernel_poly     m_wm.l(poly.o)
    0x0800a7b0   0x0800a7b0   0x00000130   Code   RO         7211    i.__kernel_sin      m_wm.l(sin_i.o)
    0x0800a8e0   0x0800a8e0   0x00000014   Code   RO         7172    i.__mathlib_dbl_infnan  m_wm.l(dunder.o)
    0x0800a8f4   0x0800a8f4   0x00000014   Code   RO         7173    i.__mathlib_dbl_infnan2  m_wm.l(dunder.o)
    0x0800a908   0x0800a908   0x00000020   Code   RO         7174    i.__mathlib_dbl_invalid  m_wm.l(dunder.o)
    0x0800a928   0x0800a928   0x00000020   Code   RO         7177    i.__mathlib_dbl_underflow  m_wm.l(dunder.o)
    0x0800a948   0x0800a948   0x00000014   Code   RO         7189    i.__mathlib_flt_divzero  m_wm.l(funder.o)
    0x0800a95c   0x0800a95c   0x00000006   Code   RO         7191    i.__mathlib_flt_infnan2  m_wm.l(funder.o)
    0x0800a962   0x0800a962   0x00000002   PAD
    0x0800a964   0x0800a964   0x00000010   Code   RO         7192    i.__mathlib_flt_invalid  m_wm.l(funder.o)
    0x0800a974   0x0800a974   0x00000010   Code   RO         7193    i.__mathlib_flt_overflow  m_wm.l(funder.o)
    0x0800a984   0x0800a984   0x00000010   Code   RO         7195    i.__mathlib_flt_underflow  m_wm.l(funder.o)
    0x0800a994   0x0800a994   0x00000010   Code   RO         7156    i.atan              m_wm.l(atan.o)
    0x0800a9a4   0x0800a9a4   0x00000018   Code   RO         7076    i.fabs              m_wm.l(fabs.o)
    0x0800a9bc   0x0800a9bc   0x00000472   Code   RO         1196    i.imu_ahrs_update   bsp_imu.o
    0x0800ae2e   0x0800ae2e   0x00000002   PAD
    0x0800ae30   0x0800ae30   0x000001bc   Code   RO         1197    i.imu_attitude_update  bsp_imu.o
    0x0800afec   0x0800afec   0x000001cc   Code   RO         1198    i.init_quaternion   bsp_imu.o
    0x0800b1b8   0x0800b1b8   0x0000002c   Code   RO         1199    i.inv_sqrt          bsp_imu.o
    0x0800b1e4   0x0800b1e4   0x0000000a   Code   RO         1200    i.ist8310_get_data  bsp_imu.o
    0x0800b1ee   0x0800b1ee   0x000000fe   Code   RO         1201    i.ist8310_init      bsp_imu.o
    0x0800b2ec   0x0800b2ec   0x00000038   Code   RO         1202    i.ist_reg_read_by_mpu  bsp_imu.o
    0x0800b324   0x0800b324   0x00000042   Code   RO         1203    i.ist_reg_write_by_mpu  bsp_imu.o
    0x0800b366   0x0800b366   0x00000002   PAD
    0x0800b368   0x0800b368   0x000000bc   Code   RO         1427    i.kalman_fiflter_set  kalmanfilter.o
    0x0800b424   0x0800b424   0x00000170   Code   RO         1428    i.kalman_filter_calc  kalmanfilter.o
    0x0800b594   0x0800b594   0x000000e2   Code   RO         1429    i.kalman_filter_init  kalmanfilter.o
    0x0800b676   0x0800b676   0x00000002   PAD
    0x0800b678   0x0800b678   0x000000d0   Code   RO           16    i.main              main.o
    0x0800b748   0x0800b748   0x0000000c   Code   RO         6304    i.makeFreeRtosPriority  cmsis_os.o
    0x0800b754   0x0800b754   0x00000068   Code   RO         1204    i.mpu_device_init   bsp_imu.o
    0x0800b7bc   0x0800b7bc   0x0000010c   Code   RO         1205    i.mpu_get_data      bsp_imu.o
    0x0800b8c8   0x0800b8c8   0x0000008e   Code   RO         1206    i.mpu_master_i2c_auto_read_config  bsp_imu.o
    0x0800b956   0x0800b956   0x00000002   PAD
    0x0800b958   0x0800b958   0x00000214   Code   RO         1207    i.mpu_offset_call   bsp_imu.o
    0x0800bb6c   0x0800bb6c   0x00000050   Code   RO         1208    i.mpu_read_byte     bsp_imu.o
    0x0800bbbc   0x0800bbbc   0x0000005c   Code   RO         1209    i.mpu_read_bytes    bsp_imu.o
    0x0800bc18   0x0800bc18   0x0000000a   Code   RO         1210    i.mpu_set_accel_fsr  bsp_imu.o
    0x0800bc22   0x0800bc22   0x0000000a   Code   RO         1211    i.mpu_set_gyro_fsr  bsp_imu.o
    0x0800bc2c   0x0800bc2c   0x00000054   Code   RO         1212    i.mpu_write_byte    bsp_imu.o
    0x0800bc80   0x0800bc80   0x00000010   Code   RO         6306    i.osDelay           cmsis_os.o
    0x0800bc90   0x0800bc90   0x00000010   Code   RO         6307    i.osDelayUntil      cmsis_os.o
    0x0800bca0   0x0800bca0   0x0000000a   Code   RO         6309    i.osKernelStart     cmsis_os.o
    0x0800bcaa   0x0800bcaa   0x0000005c   Code   RO         6343    i.osThreadCreate    cmsis_os.o
    0x0800bd06   0x0800bd06   0x00000002   PAD
    0x0800bd08   0x0800bd08   0x00000078   Code   RO         5969    i.prvAddCurrentTaskToDelayedList  tasks.o
    0x0800bd80   0x0800bd80   0x00000088   Code   RO         5970    i.prvAddNewTaskToReadyList  tasks.o
    0x0800be08   0x0800be08   0x00000040   Code   RO         5971    i.prvCheckTasksWaitingTermination  tasks.o
    0x0800be48   0x0800be48   0x00000040   Code   RO         5972    i.prvDeleteTCB      tasks.o
    0x0800be88   0x0800be88   0x00000050   Code   RO         6671    i.prvHeapInit       heap_4.o
    0x0800bed8   0x0800bed8   0x00000028   Code   RO         5973    i.prvIdleTask       tasks.o
    0x0800bf00   0x0800bf00   0x0000007e   Code   RO         5974    i.prvInitialiseNewTask  tasks.o
    0x0800bf7e   0x0800bf7e   0x00000002   PAD
    0x0800bf80   0x0800bf80   0x00000060   Code   RO         5975    i.prvInitialiseTaskLists  tasks.o
    0x0800bfe0   0x0800bfe0   0x0000005c   Code   RO         6672    i.prvInsertBlockIntoFreeList  heap_4.o
    0x0800c03c   0x0800c03c   0x00000024   Code   RO         5976    i.prvResetNextTaskUnblockTime  tasks.o
    0x0800c060   0x0800c060   0x00000030   Code   RO         6740    i.prvTaskExitError  port.o
    0x0800c090   0x0800c090   0x000000e8   Code   RO         6673    i.pvPortMalloc      heap_4.o
    0x0800c178   0x0800c178   0x0000002c   Code   RO         6741    i.pxPortInitialiseStack  port.o
    0x0800c1a4   0x0800c1a4   0x0000006e   Code   RO         7108    i.sqrt              m_wm.l(sqrt_full.o)
    0x0800c212   0x0800c212   0x00000026   Code   RO         5595    i.uxListRemove      list.o
    0x0800c238   0x0800c238   0x00000014   Code   RO          350    i.vApplicationGetIdleTaskMemory  freertos.o
    0x0800c24c   0x0800c24c   0x00000016   Code   RO         5596    i.vListInitialise   list.o
    0x0800c262   0x0800c262   0x00000006   Code   RO         5597    i.vListInitialiseItem  list.o
    0x0800c268   0x0800c268   0x00000036   Code   RO         5598    i.vListInsert       list.o
    0x0800c29e   0x0800c29e   0x00000018   Code   RO         5599    i.vListInsertEnd    list.o
    0x0800c2b6   0x0800c2b6   0x00000002   PAD
    0x0800c2b8   0x0800c2b8   0x00000040   Code   RO         6743    i.vPortEnterCritical  port.o
    0x0800c2f8   0x0800c2f8   0x0000002c   Code   RO         6744    i.vPortExitCritical  port.o
    0x0800c324   0x0800c324   0x00000064   Code   RO         6674    i.vPortFree         heap_4.o
    0x0800c388   0x0800c388   0x00000024   Code   RO         6745    i.vPortSetupTimerInterrupt  port.o
    0x0800c3ac   0x0800c3ac   0x00000050   Code   RO         5985    i.vTaskDelay        tasks.o
    0x0800c3fc   0x0800c3fc   0x0000009c   Code   RO         5986    i.vTaskDelayUntil   tasks.o
    0x0800c498   0x0800c498   0x000000b0   Code   RO         5987    i.vTaskDelete       tasks.o
    0x0800c548   0x0800c548   0x00000088   Code   RO         5999    i.vTaskStartScheduler  tasks.o
    0x0800c5d0   0x0800c5d0   0x00000010   Code   RO         6001    i.vTaskSuspendAll   tasks.o
    0x0800c5e0   0x0800c5e0   0x00000060   Code   RO         6002    i.vTaskSwitchContext  tasks.o
    0x0800c640   0x0800c640   0x00000104   Code   RO         6747    i.xPortStartScheduler  port.o
    0x0800c744   0x0800c744   0x0000006c   Code   RO         6005    i.xTaskCreate       tasks.o
    0x0800c7b0   0x0800c7b0   0x00000060   Code   RO         6006    i.xTaskCreateStatic  tasks.o
    0x0800c810   0x0800c810   0x0000000c   Code   RO         6011    i.xTaskGetTickCount  tasks.o
    0x0800c81c   0x0800c81c   0x000000d4   Code   RO         6013    i.xTaskIncrementTick  tasks.o
    0x0800c8f0   0x0800c8f0   0x000000cc   Code   RO         6019    i.xTaskResumeAll    tasks.o
    0x0800c9bc   0x0800c9bc   0x00000018   Code   RO         7127    x$fpl$basic         g_wm.l(basic.o)
    0x0800c9d4   0x0800c9d4   0x000002c4   Code   RO         7002    x$fpl$d2f           g_wm.l(d2f_clz.o)
    0x0800cc98   0x0800cc98   0x0000024c   Code   RO         7004    x$fpl$dadd          g_wm.l(daddsub_clz.o)
    0x0800cee4   0x0800cee4   0x00000018   Code   RO         7129    x$fpl$dcmpinf       g_wm.l(dcmpi.o)
    0x0800cefc   0x0800cefc   0x0000037c   Code   RO         7011    x$fpl$ddiv          g_wm.l(ddiv_clz.o)
    0x0800d278   0x0800d278   0x000000c8   Code   RO         7014    x$fpl$dfix          g_wm.l(dfix.o)
    0x0800d340   0x0800d340   0x000000dc   Code   RO         7018    x$fpl$dfixu         g_wm.l(dfixu.o)
    0x0800d41c   0x0800d41c   0x0000002e   Code   RO         7023    x$fpl$dflt          g_wm.l(dflt_clz.o)
    0x0800d44a   0x0800d44a   0x0000001a   Code   RO         7024    x$fpl$dfltn         g_wm.l(dflt_clz.o)
    0x0800d464   0x0800d464   0x00000026   Code   RO         7022    x$fpl$dfltu         g_wm.l(dflt_clz.o)
    0x0800d48a   0x0800d48a   0x00000002   PAD
    0x0800d48c   0x0800d48c   0x00000078   Code   RO         7028    x$fpl$dleqf         g_wm.l(dleqf.o)
    0x0800d504   0x0800d504   0x000001c0   Code   RO         7030    x$fpl$dmul          g_wm.l(dmul_clz.o)
    0x0800d6c4   0x0800d6c4   0x00000102   Code   RO         7131    x$fpl$dnaninf       g_wm.l(dnaninf.o)
    0x0800d7c6   0x0800d7c6   0x00000070   Code   RO         7133    x$fpl$drenorm       g_wm.l(drenorm_clz.o)
    0x0800d836   0x0800d836   0x0000000c   Code   RO         7135    x$fpl$dretinf       g_wm.l(dretinf.o)
    0x0800d842   0x0800d842   0x00000062   Code   RO         7032    x$fpl$drleqf        g_wm.l(drleqf.o)
    0x0800d8a4   0x0800d8a4   0x00000050   Code   RO         7005    x$fpl$drsb          g_wm.l(daddsub_clz.o)
    0x0800d8f4   0x0800d8f4   0x00000208   Code   RO         7137    x$fpl$dsqrt         g_wm.l(dsqrt_umaalclz.o)
    0x0800dafc   0x0800dafc   0x0000029c   Code   RO         7006    x$fpl$dsub          g_wm.l(daddsub_clz.o)
    0x0800dd98   0x0800dd98   0x0000017a   Code   RO         7139    x$fpl$dunder        g_wm.l(dunder_clz.o)
    0x0800df12   0x0800df12   0x00000002   PAD
    0x0800df14   0x0800df14   0x000001ec   Code   RO         7141    x$fpl$exception     g_wm.l(except.o)
    0x0800e100   0x0800e100   0x0000007a   Code   RO         7034    x$fpl$f2d           g_wm.l(f2d.o)
    0x0800e17a   0x0800e17a   0x000000f2   Code   RO         7143    x$fpl$fnaninf       g_wm.l(fnaninf.o)
    0x0800e26c   0x0800e26c   0x0000000a   Code   RO         7328    x$fpl$fpinit        g_wm.l(fpinit.o)
    0x0800e276   0x0800e276   0x0000000a   Code   RO         7145    x$fpl$fretinf       g_wm.l(fretinf.o)
    0x0800e280   0x0800e280   0x0000013c   Code   RO         7147    x$fpl$funder        g_wm.l(funder_clz.o)
    0x0800e3bc   0x0800e3bc   0x00000020   Code   RO         7149    x$fpl$ieeestatus    g_wm.l(istatus.o)
    0x0800e3dc   0x0800e3dc   0x000000b2   Code   RO         7241    x$fpl$retnan        g_wm.l(retnan.o)
    0x0800e48e   0x0800e48e   0x0000007e   Code   RO         7151    x$fpl$trapveneer    g_wm.l(trapv.o)
    0x0800e50c   0x0800e50c   0x00000000   Code   RO         7153    x$fpl$usenofp       g_wm.l(usenofp.o)
    0x0800e50c   0x0800e50c   0x00000038   Data   RO          352    .constdata          freertos.o
    0x0800e544   0x0800e544   0x00000300   Data   RO          986    .constdata          crc.o
    0x0800e844   0x0800e844   0x00000014   Data   RO         1214    .constdata          bsp_imu.o
    0x0800e858   0x0800e858   0x00000040   Data   RO         1431    .constdata          kalmanfilter.o
    0x0800e898   0x0800e898   0x000000a8   Data   RO         1595    .constdata          start_task.o
    0x0800e940   0x0800e940   0x00000014   Data   RO         1636    .constdata          detect_task.o
    0x0800e954   0x0800e954   0x00000048   Data   RO         1849    .constdata          pid.o
    0x0800e99c   0x0800e99c   0x00000008   Data   RO         3100    .constdata          stm32f4xx_hal_dma.o
    0x0800e9a4   0x0800e9a4   0x00000010   Data   RO         5458    .constdata          system_stm32f4xx.o
    0x0800e9b4   0x0800e9b4   0x00000008   Data   RO         5459    .constdata          system_stm32f4xx.o
    0x0800e9bc   0x0800e9bc   0x00000004   PAD
    0x0800e9c0   0x0800e9c0   0x00000050   Data   RO         7039    .constdata          m_wm.l(asin.o)
    0x0800ea10   0x0800ea10   0x00000140   Data   RO         7083    .constdata          m_wm.l(powf.o)
    0x0800eb50   0x0800eb50   0x00000098   Data   RO         7157    .constdata          m_wm.l(atan.o)
    0x0800ebe8   0x0800ebe8   0x00000030   Data   RO         7169    .constdata          m_wm.l(cos_i.o)
    0x0800ec18   0x0800ec18   0x00000008   Data   RO         7205    .constdata          m_wm.l(qnan.o)
    0x0800ec20   0x0800ec20   0x000000c8   Data   RO         7208    .constdata          m_wm.l(rred.o)
    0x0800ece8   0x0800ece8   0x00000028   Data   RO         7212    .constdata          m_wm.l(sin_i.o)
    0x0800ed10   0x0800ed10   0x00000018   Data   RO          353    .conststring        freertos.o
    0x0800ed28   0x0800ed28   0x0000004c   Data   RO         1596    .conststring        start_task.o
    0x0800ed74   0x0800ed74   0x00000020   Data   RO         7384    Region$$Table       anon$$obj.o


    Execution Region RW_IRAM1 (Exec base: 0x20000000, Load base: 0x0800ed94, Size: 0x00005c90, Max: 0x00030000, ABSOLUTE, COMPRESSED[0x00000034])

    Exec Addr    Load Addr    Size         Type   Attr      Idx    E Section Name        Object

    0x20000000   COMPRESSED   0x00000008   Data   RW          354    .data               freertos.o
    0x20000008   COMPRESSED   0x00000004   Data   RW          850    .data               bsp_uart.o
    0x2000000c   COMPRESSED   0x00000002   Data   RW          987    .data               crc.o
    0x2000000e   COMPRESSED   0x00000002   PAD
    0x20000010   COMPRESSED   0x00000008   Data   RW         1119    .data               bsp_friction.o
    0x20000018   COMPRESSED   0x00000064   Data   RW         1215    .data               bsp_imu.o
    0x2000007c   COMPRESSED   0x00000008   Data   RW         1493    .data               gimbal_task.o
    0x20000084   COMPRESSED   0x00000018   Data   RW         1597    .data               start_task.o
    0x2000009c   COMPRESSED   0x00000016   Data   RW         1637    .data               detect_task.o
    0x200000b2   COMPRESSED   0x00000002   Data   RW         1699    .data               chassis_task.o
    0x200000b4   COMPRESSED   0x00000008   Data   RW         1752    .data               remote_task.o
    0x200000bc   COMPRESSED   0x00000008   Data   RW         1805    .data               referee.o
    0x200000c4   COMPRESSED   0x00000006   Data   RW         2028    .data               user_task.o
    0x200000ca   COMPRESSED   0x00000002   Data   RW         2143    .data               cap_task.o
    0x200000cc   COMPRESSED   0x0000000c   Data   RW         3542    .data               stm32f4xx_hal.o
    0x200000d8   COMPRESSED   0x00000004   Data   RW         5460    .data               system_stm32f4xx.o
    0x200000dc   COMPRESSED   0x0000003c   Data   RW         6022    .data               tasks.o
    0x20000118   COMPRESSED   0x00000020   Data   RW         6680    .data               heap_4.o
    0x20000138   COMPRESSED   0x0000000c   Data   RW         6748    .data               port.o
    0x20000144        -       0x00000254   Zero   RW          351    .bss                freertos.o
    0x20000398        -       0x00000028   Zero   RW          406    .bss                can.o
    0x200003c0        -       0x00000058   Zero   RW          472    .bss                spi.o
    0x20000418        -       0x00000120   Zero   RW          520    .bss                tim.o
    0x20000538        -       0x000002f0   Zero   RW          595    .bss                usart.o
    0x20000828        -       0x00000048   Zero   RW          806    .bss                stm32f4xx_hal_timebase_tim.o
    0x20000870        -       0x00000068   Zero   RW          849    .bss                bsp_uart.o
    0x200008d8        -       0x00000062   Zero   RW         1213    .bss                bsp_imu.o
    0x2000093a   COMPRESSED   0x00000002   PAD
    0x2000093c        -       0x00000068   Zero   RW         1349    .bss                bsp_imuex.o
    0x200009a4        -       0x0000001e   Zero   RW         1385    .bss                bsp_tx1.o
    0x200009c2        -       0x00000028   Zero   RW         1386    .bss                bsp_tx1.o
    0x200009ea   COMPRESSED   0x00000002   PAD
    0x200009ec        -       0x00000364   Zero   RW         1430    .bss                kalmanfilter.o
    0x20000d50        -       0x0000014a   Zero   RW         1491    .bss                gimbal_task.o
    0x20000e9a   COMPRESSED   0x00000002   PAD
    0x20000e9c        -       0x000000ac   Zero   RW         1697    .bss                chassis_task.o
    0x20000f48        -       0x0000001c   Zero   RW         1698    .bss                chassis_task.o
    0x20000f64        -       0x00000020   Zero   RW         1751    .bss                remote_task.o
    0x20000f84        -       0x000000e8   Zero   RW         1802    .bss                referee.o
    0x2000106c        -       0x00000096   Zero   RW         1803    .bss                referee.o
    0x20001102   COMPRESSED   0x00000002   PAD
    0x20001104        -       0x00000100   Zero   RW         1843    .bss                pid.o
    0x20001204        -       0x000001e8   Zero   RW         1844    .bss                pid.o
    0x200013ec        -       0x000000c0   Zero   RW         1845    .bss                pid.o
    0x200014ac        -       0x00000040   Zero   RW         1846    .bss                pid.o
    0x200014ec        -       0x00000040   Zero   RW         1847    .bss                pid.o
    0x2000152c        -       0x00000040   Zero   RW         1848    .bss                pid.o
    0x2000156c        -       0x00000028   Zero   RW         1907    .bss                powerlimit.o
    0x20001594        -       0x00000044   Zero   RW         1956    .bss                can_receive.o
    0x200015d8        -       0x00000164   Zero   RW         2027    .bss                user_task.o
    0x2000173c        -       0x00000110   Zero   RW         2180    .bss                adrc.o
    0x2000184c        -       0x00000068   Zero   RW         2248    .bss                filter.o
    0x200018b4        -       0x00000068   Zero   RW         2249    .bss                filter.o
    0x2000191c        -       0x00000020   Zero   RW         2709    .bss                stm32f4xx_hal_flash.o
    0x2000193c        -       0x000000f0   Zero   RW         6021    .bss                tasks.o
    0x20001a2c        -       0x00003c00   Zero   RW         6679    .bss                heap_4.o
    0x2000562c        -       0x00000060   Zero   RW         7244    .bss                c_w.l(libspace.o)
    0x2000568c   COMPRESSED   0x00000004   PAD
    0x20005690        -       0x00000200   Zero   RW            2    HEAP                startup_stm32f427xx.o
    0x20005890        -       0x00000400   Zero   RW            1    STACK               startup_stm32f427xx.o


==============================================================================

Image component sizes


      Code (inc. data)   RO Data    RW Data    ZI Data      Debug   Object Name

      1162         78          0          0        272       6648   adrc.o
        80         12          0          0          0       1463   bsp_can.o
       128         30          0          8          0       1328   bsp_friction.o
      3896        288         20        100         98      16752   bsp_imu.o
       180         14          0          0        104       1698   bsp_imuex.o
       116         26          0          0         70       2891   bsp_tx1.o
       470         74          0          4        104       6092   bsp_uart.o
       188         22          0          0         40       1789   can.o
       688         58          0          0         68       4570   can_receive.o
        56         10          0          2          0        791   cap_task.o
      1532        116          0          2        200       4440   chassis_task.o
       146          0          0          0          0      24102   cmsis_os.o
       238         20        768          2          0       5024   crc.o
       222         28         20         22          0       3626   detect_task.o
       124          4          0          0          0        886   dma.o
         0          0          0          0          0      17012   event_groups.o
       146          6          0          0        208       2584   filter.o
        94         12         80          8        596       3188   freertos.o
      1608        230          0          8        330       8453   gimbal_task.o
       520         42          0          0          0       1319   gpio.o
       504         32          0         32      15360       7791   heap_4.o
       782         26         64          0        868       5048   kalmanfilter.o
       144          0          0          0          0       3774   list.o
       382         40          0          0          0     813938   main.o
      1104         90         72          0       1128       5771   pid.o
       730         82          0         12          0      11460   port.o
      1024         84          0          0         40       3988   powerlimit.o
       572         30          0          8        382       3225   referee.o
      1276        122          0          8         32       4779   remote_task.o
       180         24          0          0         88       1781   spi.o
      1220        222        244         24          0       2538   start_task.o
        64         26        428          0       1536        876   startup_stm32f427xx.o
       120         20          0         12          0       9078   stm32f4xx_hal.o
      2004          6          0          0          0      15611   stm32f4xx_hal_can.o
       204         22          0          0          0      33613   stm32f4xx_hal_cortex.o
      1272         18          8          0          0       7786   stm32f4xx_hal_dma.o
       588         72          0          0         32       6418   stm32f4xx_hal_flash.o
        88          6          0          0          0        789   stm32f4xx_hal_flash_ex.o
       618         24          0          0          0       3129   stm32f4xx_hal_gpio.o
        56          4          0          0          0        902   stm32f4xx_hal_msp.o
       124         14          0          0          0       1368   stm32f4xx_hal_pwr_ex.o
      1782        112          0          0          0       7429   stm32f4xx_hal_rcc.o
      1010         14          0          0          0       4997   stm32f4xx_hal_spi.o
      2158         56          0          0          0      16986   stm32f4xx_hal_tim.o
       260          0          0          0          0       3605   stm32f4xx_hal_tim_ex.o
       116         16          0          0         72       1491   stm32f4xx_hal_timebase_tim.o
      2252         34          0          0          0      18802   stm32f4xx_hal_uart.o
       168         66          0          0          0      22281   stm32f4xx_it.o
         0          0          0          0          0        392   stream_buffer.o
        88         24         24          4          0       1255   system_stm32f4xx.o
      1974        174          0         60        240      24025   tasks.o
       920         98          0          0        288       5455   tim.o
       398          0          0          0          0       5022   universal.o
       932         92          0          0        752       4477   usart.o
      3996        350          0          6        356      15271   user_task.o

    ----------------------------------------------------------------------
     40770       3070       1764        324      23272    1189807   Object Totals
         0          0         32          0          0          0   (incl. Generated)
        66          0          4          2          8          0   (incl. Padding)

    ----------------------------------------------------------------------

      Code (inc. data)   RO Data    RW Data    ZI Data      Debug   Library Member Name

       264          0          0          0          0      17798   arm_mat_add_f32.o
         8          0          0          0          0        843   arm_mat_init_f32.o
      1328          4          0          0          0       2718   arm_mat_inverse_f32.o
       316          4          0          0          0       1627   arm_mat_mult_f32.o
       264          0          0          0          0       1482   arm_mat_sub_f32.o
       276          0          0          0          0       1516   arm_mat_trans_f32.o
        90          0          0          0          0          0   __dczerorl2.o
         8          0          0          0          0         68   __main.o
         0          0          0          0          0          0   __rtentry.o
        12          0          0          0          0          0   __rtentry2.o
         6          0          0          0          0          0   __rtentry4.o
        52          8          0          0          0          0   __scatter.o
        28          0          0          0          0          0   __scatter_zi.o
        48          4          0          0          0         84   _fptrap.o
        22          0          0          0          0        100   _rserrno.o
        10          0          0          0          0         68   defsig_exit.o
       172        110          0          0          0         76   defsig_fpe_inner.o
        14          0          0          0          0         80   defsig_fpe_outer.o
        50          0          0          0          0         88   defsig_general.o
        18          0          0          0          0         80   exit.o
         6          0          0          0          0        152   heapauxi.o
         0          0          0          0          0          0   indicate_semi.o
         2          0          0          0          0          0   libinit.o
         6          0          0          0          0          0   libinit2.o
         2          0          0          0          0          0   libshutdown.o
         2          0          0          0          0          0   libshutdown2.o
         8          4          0          0         96         68   libspace.o
       238          0          0          0          0        100   lludivv7m.o
         8          4          0          0          0         68   rt_errno_addr_intlibspace.o
        78          0          0          0          0         80   rt_memclr_w.o
       138          0          0          0          0         68   rt_memcpy_v6.o
       100          0          0          0          0         80   rt_memcpy_w.o
         2          0          0          0          0          0   rtexit.o
        10          0          0          0          0          0   rtexit2.o
        62          0          0          0          0         76   strlen.o
        12          4          0          0          0         68   sys_exit.o
        74          0          0          0          0         80   sys_stackheap_outer.o
        14          0          0          0          0         76   sys_wrch.o
         2          0          0          0          0         68   use_no_semi.o
        24          0          0          0          0        164   basic.o
       708         16          0          0          0        140   d2f_clz.o
      1336         32          0          0          0        532   daddsub_clz.o
        24          0          0          0          0        116   dcmpi.o
       892        152          0          0          0        292   ddiv_clz.o
       200         16          0          0          0        184   dfix.o
       220         16          0          0          0        192   dfixu.o
       110          0          0          0          0        348   dflt_clz.o
       120          8          0          0          0        140   dleqf.o
       448         16          0          0          0        164   dmul_clz.o
       258          4          0          0          0        156   dnaninf.o
       112          0          0          0          0        160   drenorm_clz.o
        12          0          0          0          0        116   dretinf.o
        98          0          0          0          0        128   drleqf.o
       520         56          0          0          0        180   dsqrt_umaalclz.o
       378          0          0          0          0        168   dunder_clz.o
       492         36          0          0          0        148   except.o
       122          8          0          0          0        132   f2d.o
       242          4          0          0          0        144   fnaninf.o
        10          0          0          0          0        116   fpinit.o
        10          0          0          0          0        116   fretinf.o
       316          0          0          0          0        132   funder_clz.o
        32          4          0          0          0        116   istatus.o
       178          0          0          0          0        116   retnan.o
       126          0          0          0          0        148   trapv.o
         0          0          0          0          0          0   usenofp.o
       864         94         80          0          0        280   asin.o
       744        106        152          0          0        352   atan.o
       496         64          0          0          0        192   atan2.o
       200         20          0          0          0        164   cos.o
       368         46         48          0          0        200   cos_i.o
       104         16          0          0          0        496   dunder.o
        44          0          0          0          0        248   fabs.o
        48          0          0          0          0        124   fpclassify.o
        38          0          0          0          0        116   fpclassifyf.o
        74         24          0          0          0        580   funder.o
       248          0          0          0          0        152   poly.o
      1636        110        320          0          0        372   powf.o
         0          0          8          0          0          0   qnan.o
      1080        142        200          0          0        188   rred.o
       200         20          0          0          0        164   sin.o
       304         24         40          0          0        208   sin_i.o
       232          0          0          0          0        296   sqrt_full.o

    ----------------------------------------------------------------------
     17438       1176        848          0        100      36092   Library Totals
        20          0          0          0          4          0   (incl. Padding)

    ----------------------------------------------------------------------

      Code (inc. data)   RO Data    RW Data    ZI Data      Debug   Library Name

      2456          8          0          0          0      25984   arm_cortexM4lf_math.lib
      1294        134          0          0         96       1628   c_w.l
      6988        368          0          0          0       4348   g_wm.l
      6680        666        848          0          0       4132   m_wm.l

    ----------------------------------------------------------------------
     17438       1176        848          0        100      36092   Library Totals

    ----------------------------------------------------------------------

==============================================================================


      Code (inc. data)   RO Data    RW Data    ZI Data      Debug   

     58208       4246       2612        324      23372    1190367   Grand Totals
     58208       4246       2612         52      23372    1190367   ELF Image Totals (compressed)
     58208       4246       2612         52          0          0   ROM Totals

==============================================================================

    Total RO  Size (Code + RO Data)                60820 (  59.39kB)
    Total RW  Size (RW Data + ZI Data)             23696 (  23.14kB)
    Total ROM Size (Code + RO Data + RW Data)      60872 (  59.45kB)

==============================================================================

